2025-07-03 11:49:04,420 [INFO] Activator:176 - 


2025-07-03 11:49:04,424 [INFO] Activator:177 - !SESSION log4j initialized
2025-07-03 11:49:10,036 [INFO] LogOutputStream:77 - [STDOUT_REDIRECT] 
2025-07-03 11:49:17,963 [INFO] ApplicationProperties:184 - Using Application install path: C:\ST\STM32CubeIDE_1.12.1\STM32CubeIDE\plugins\com.st.stm32cube.common.mx_6.8.1.202304191431
2025-07-03 11:49:17,987 [INFO] DbMcusXml:78 - Set database path to: C:\ST\STM32CubeIDE_1.12.1\STM32CubeIDE\plugins\com.st.stm32cube.common.mx_6.8.1.202304191431\\db\/mcu/
2025-07-03 11:49:17,987 [INFO] ApiDb:274 - Set plugin database path to: C:\ST\STM32CubeIDE_1.12.1\STM32CubeIDE\plugins\com.st.stm32cube.common.mx_6.8.1.202304191431\\db\/plugins/boardmanager/
2025-07-03 11:49:17,991 [WARN] ApiDb:259 - Overriding images path with different value:  => C:\ST\STM32CubeIDE_1.12.1\STM32CubeIDE\plugins\com.st.stm32cube.common.mx_6.8.1.202304191431\\db\/plugins/mcufinder/images/
2025-07-03 11:49:18,011 [INFO] ApiDb:250 - Set database path to: C:\Users\LEGION\.stmcufinder\plugins\mcufinder//mcu/
2025-07-03 11:49:18,015 [INFO] DbMcusAds:125 - Set database path to: C:\Users\LEGION\.stmcufinder\plugins\mcufinder//mcu/
2025-07-03 11:49:18,015 [INFO] CrossReferenceDbSqlite:203 - Set database path to: C:\Users\LEGION\.stmcufinder\plugins\mcufinder//mcu/cs/
2025-07-03 11:49:18,127 [INFO] RulesReader:64 - Compatibility file has been processed (293 Rules)
2025-07-03 11:49:18,231 [INFO] DbMcusXml:78 - Set database path to: C:\ST\STM32CubeIDE_1.12.1\STM32CubeIDE\plugins\com.st.stm32cube.common.mx_6.8.1.202304191431\\db\/mcu/
2025-07-03 11:49:18,231 [INFO] ApiDb:274 - Set plugin database path to: C:\ST\STM32CubeIDE_1.12.1\STM32CubeIDE\plugins\com.st.stm32cube.common.mx_6.8.1.202304191431\\db\/plugins/boardmanager/
2025-07-03 11:49:18,235 [INFO] ApiDb:261 - Set plugin images path to: C:\ST\STM32CubeIDE_1.12.1\STM32CubeIDE\plugins\com.st.stm32cube.common.mx_6.8.1.202304191431\\db\/plugins/mcufinder/images/
2025-07-03 11:49:18,235 [WARN] DbFile:41 - Overriding database path with different value: C:\Users\LEGION\.stmcufinder\plugins\mcufinder/ => C:\Users\LEGION\.stmcufinder\plugins\mcufinder
2025-07-03 11:49:18,235 [INFO] ApiDb:250 - Set database path to: C:\Users\LEGION\.stmcufinder\plugins\mcufinder//mcu/
2025-07-03 11:49:18,235 [WARN] DbFile:41 - Overriding database path with different value: C:\Users\LEGION\.stmcufinder\plugins\mcufinder/ => C:\Users\LEGION\.stmcufinder\plugins\mcufinder
2025-07-03 11:49:18,235 [INFO] DbMcusAds:125 - Set database path to: C:\Users\LEGION\.stmcufinder\plugins\mcufinder//mcu/
2025-07-03 11:49:18,235 [WARN] DbFile:41 - Overriding database path with different value: C:\Users\LEGION\.stmcufinder\plugins\mcufinder/ => C:\Users\LEGION\.stmcufinder\plugins\mcufinder
2025-07-03 11:49:18,235 [WARN] DbFile:41 - Overriding database path with different value: C:\Users\LEGION\.stmcufinder\plugins\mcufinder/ => C:\Users\LEGION\.stmcufinder\plugins\mcufinder
2025-07-03 11:49:18,235 [INFO] CrossReferenceDbSqlite:203 - Set database path to: C:\Users\LEGION\.stmcufinder\plugins\mcufinder//mcu/cs/
2025-07-03 11:49:18,319 [INFO] MainPanel:253 - HeapMemory: 268435456
2025-07-03 11:49:18,427 [INFO] DbMcusXml:78 - Set database path to: C:\ST\STM32CubeIDE_1.12.1\STM32CubeIDE\plugins\com.st.stm32cube.common.mx_6.8.1.202304191431\\db\/mcu/
2025-07-03 11:49:18,427 [INFO] ApiDb:274 - Set plugin database path to: C:\ST\STM32CubeIDE_1.12.1\STM32CubeIDE\plugins\com.st.stm32cube.common.mx_6.8.1.202304191431\\db\/plugins/boardmanager/
2025-07-03 11:49:18,427 [INFO] ApiDb:261 - Set plugin images path to: C:\ST\STM32CubeIDE_1.12.1\STM32CubeIDE\plugins\com.st.stm32cube.common.mx_6.8.1.202304191431\\db\/plugins/mcufinder/images/
2025-07-03 11:49:18,427 [WARN] DbFile:41 - Overriding database path with different value: C:\Users\LEGION\.stmcufinder\plugins\mcufinder/ => C:\Users\LEGION\.stmcufinder\plugins\mcufinder
2025-07-03 11:49:18,431 [INFO] ApiDb:250 - Set database path to: C:\Users\LEGION\.stmcufinder\plugins\mcufinder//mcu/
2025-07-03 11:49:18,431 [WARN] DbFile:41 - Overriding database path with different value: C:\Users\LEGION\.stmcufinder\plugins\mcufinder/ => C:\Users\LEGION\.stmcufinder\plugins\mcufinder
2025-07-03 11:49:18,431 [INFO] DbMcusAds:125 - Set database path to: C:\Users\LEGION\.stmcufinder\plugins\mcufinder//mcu/
2025-07-03 11:49:18,431 [WARN] DbFile:41 - Overriding database path with different value: C:\Users\LEGION\.stmcufinder\plugins\mcufinder/ => C:\Users\LEGION\.stmcufinder\plugins\mcufinder
2025-07-03 11:49:18,431 [WARN] DbFile:41 - Overriding database path with different value: C:\Users\LEGION\.stmcufinder\plugins\mcufinder/ => C:\Users\LEGION\.stmcufinder\plugins\mcufinder
2025-07-03 11:49:18,431 [INFO] CrossReferenceDbSqlite:203 - Set database path to: C:\Users\LEGION\.stmcufinder\plugins\mcufinder//mcu/cs/
2025-07-03 11:49:18,447 [INFO] ApplicationProperties:184 - Using Application install path: C:\ST\STM32CubeIDE_1.12.1\STM32CubeIDE\plugins\com.st.stm32cube.common.mx_6.8.1.202304191431
2025-07-03 11:49:18,451 [INFO] PluginManage:196 - Search for loadable plugins [exclusion list=, ]
2025-07-03 11:49:18,451 [INFO] PluginManage:310 - Check plugin analytics
2025-07-03 11:49:18,619 [INFO] AnalyticsPlugin:253 - Accepted Software Licenses: STM32CubeMX.6.11.1
2025-07-03 11:49:18,619 [INFO] AnalyticsPlugin:255 - Accepted CMSIS Pack Licenses: NimaLTD.I-CUBE-EE.3.2.2
2025-07-03 11:49:18,623 [INFO] AnalyticsPlugin:257 - Accepted Firmware Licenses: FW.F4.1.27.0,FW.G0.1.6.0,FW.F4.1.28.0
2025-07-03 11:49:18,635 [INFO] PluginManage:359 - Loaded plugin analytics (category:tool,tabindex:-1)
2025-07-03 11:49:18,635 [INFO] PluginManage:310 - Check plugin cadmodel
2025-07-03 11:49:18,656 [INFO] CADModel:105 - Init CAD model plugin
2025-07-03 11:49:18,656 [INFO] PluginManage:359 - Loaded plugin cadmodel (category:power,tabindex:5)
2025-07-03 11:49:18,656 [INFO] PluginManage:310 - Check plugin clock
2025-07-03 11:49:18,683 [INFO] PluginManage:359 - Loaded plugin clock (category:base,tabindex:2)
2025-07-03 11:49:18,683 [INFO] PluginManage:310 - Check plugin ddr
2025-07-03 11:49:18,687 [INFO] PluginManage:359 - Loaded plugin ddr (category:tool,tabindex:6)
2025-07-03 11:49:18,687 [INFO] PluginManage:310 - Check plugin filemanager
2025-07-03 11:49:18,846 [INFO] PluginManage:359 - Loaded plugin filemanager (category:base,tabindex:10)
2025-07-03 11:49:18,846 [INFO] PluginManage:310 - Check plugin ipmanager
2025-07-03 11:49:18,854 [INFO] PluginManage:359 - Loaded plugin ipmanager (category:base,tabindex:5)
2025-07-03 11:49:18,854 [INFO] PluginManage:310 - Check plugin lpbam
2025-07-03 11:49:18,878 [INFO] PluginManage:359 - Loaded plugin lpbam (category:base,tabindex:0)
2025-07-03 11:49:18,878 [INFO] PluginManage:310 - Check plugin pinoutandconfiguration
2025-07-03 11:49:18,898 [INFO] PluginManage:359 - Loaded plugin pinoutandconfiguration (category:base,tabindex:1)
2025-07-03 11:49:18,898 [INFO] PluginManage:310 - Check plugin pinoutconfig
2025-07-03 11:49:19,000 [WARN] SupportedApi:132 - Cannot load RTOS API schema: s4s-elt-must-match.1: The content of 'definitions' must match (annotation?, (simpleType | complexType)?, (unique | key | keyref)*)). A problem was found starting at: attribute.
2025-07-03 11:49:19,136 [INFO] PluginManage:359 - Loaded plugin pinoutconfig (category:base,tabindex:0)
2025-07-03 11:49:19,136 [INFO] PluginManage:310 - Check plugin power
2025-07-03 11:49:19,164 [INFO] PluginManage:359 - Loaded plugin power (category:power,tabindex:4)
2025-07-03 11:49:19,164 [INFO] PluginManage:310 - Check plugin projectmanager
2025-07-03 11:49:19,184 [INFO] PluginManage:359 - Loaded plugin projectmanager (category:projectmanager,tabindex:3)
2025-07-03 11:49:19,184 [INFO] PluginManage:310 - Check plugin thirdparty
2025-07-03 11:49:19,496 [INFO] PluginManage:359 - Loaded plugin thirdparty (category:base,tabindex:-1)
2025-07-03 11:49:19,496 [INFO] PluginManage:310 - Check plugin tools
2025-07-03 11:49:19,496 [WARN] IntegrityCheckThread:84 - waiting for thirdparty lock release [integrity check]
2025-07-03 11:49:19,496 [INFO] IntegrityCheckThread:86 - entering critical section [integrity check]
2025-07-03 11:49:19,500 [INFO] ThirdPartyUpdaterWithRetryManager:70 - Updater plugin not ready yet. [1/15]
2025-07-03 11:49:19,540 [INFO] PluginManage:359 - Loaded plugin tools (category:base,tabindex:7)
2025-07-03 11:49:19,540 [INFO] PluginManage:310 - Check plugin tutovideos
2025-07-03 11:49:19,768 [INFO] PluginManage:359 - Loaded plugin tutovideos (category:base,tabindex:-1)
2025-07-03 11:49:19,768 [INFO] PluginManage:310 - Check plugin updater
2025-07-03 11:49:19,788 [INFO] PluginManage:359 - Loaded plugin updater (category:base,tabindex:12)
2025-07-03 11:49:19,788 [INFO] PluginManage:283 - PluginManage : Loaded plugins [15]
2025-07-03 11:49:20,051 [INFO] PinOutPanel:1499 - setPackage(No Configuration,No Configuration)
2025-07-03 11:49:20,123 [INFO] CADModel:165 - CPN selected for project level
2025-07-03 11:49:20,123 [INFO] CADModel:114 - Register for checkConnection events
2025-07-03 11:49:20,155 [INFO] IPUIPlugin:80 - create IPUIPlugin
2025-07-03 11:49:20,155 [INFO] PluginManager:220 - loadIPPluginJar : add adc
2025-07-03 11:49:20,199 [INFO] IPUIPlugin:80 - create IPUIPlugin
2025-07-03 11:49:20,199 [INFO] PluginManager:220 - loadIPPluginJar : add aes
2025-07-03 11:49:20,255 [INFO] IPUIPlugin:80 - create IPUIPlugin
2025-07-03 11:49:20,255 [INFO] PluginManager:220 - loadIPPluginJar : add can
2025-07-03 11:49:20,287 [INFO] IPUIPlugin:80 - create IPUIPlugin
2025-07-03 11:49:20,287 [INFO] PluginManager:220 - loadIPPluginJar : add comp
2025-07-03 11:49:20,329 [INFO] IPUIPlugin:80 - create IPUIPlugin
2025-07-03 11:49:20,329 [INFO] PluginManager:220 - loadIPPluginJar : add cryp
2025-07-03 11:49:20,365 [INFO] IPUIPlugin:80 - create IPUIPlugin
2025-07-03 11:49:20,365 [INFO] PluginManager:220 - loadIPPluginJar : add dfsdm
2025-07-03 11:49:20,381 [INFO] IPUIPlugin:80 - create IPUIPlugin
2025-07-03 11:49:20,385 [INFO] PluginManager:220 - loadIPPluginJar : add dma
2025-07-03 11:49:20,433 [INFO] IPUIPlugin:80 - create IPUIPlugin
2025-07-03 11:49:20,433 [INFO] PluginManager:220 - loadIPPluginJar : add dma3
2025-07-03 11:49:20,461 [INFO] IPUIPlugin:80 - create IPUIPlugin
2025-07-03 11:49:20,461 [INFO] PluginManager:220 - loadIPPluginJar : add fatfs
2025-07-03 11:49:20,513 [INFO] IPUIPlugin:80 - create IPUIPlugin
2025-07-03 11:49:20,513 [INFO] PluginManager:220 - loadIPPluginJar : add fmc
2025-07-03 11:49:20,530 [INFO] IPUIPlugin:80 - create IPUIPlugin
2025-07-03 11:49:20,530 [INFO] PluginManager:220 - loadIPPluginJar : add freertos
2025-07-03 11:49:20,562 [INFO] IPUIPlugin:80 - create IPUIPlugin
2025-07-03 11:49:20,562 [INFO] PluginManager:220 - loadIPPluginJar : add genericplugin
2025-07-03 11:49:20,678 [INFO] IPUIPlugin:80 - create IPUIPlugin
2025-07-03 11:49:20,678 [INFO] PluginManager:220 - loadIPPluginJar : add gfxmmu
2025-07-03 11:49:20,823 [INFO] IPUIPlugin:80 - create IPUIPlugin
2025-07-03 11:49:20,823 [INFO] PluginManager:220 - loadIPPluginJar : add gic
2025-07-03 11:49:20,839 [INFO] IPUIPlugin:80 - create IPUIPlugin
2025-07-03 11:49:20,839 [INFO] PluginManager:220 - loadIPPluginJar : add gpio
2025-07-03 11:49:20,948 [INFO] IPUIPlugin:80 - create IPUIPlugin
2025-07-03 11:49:20,948 [INFO] PluginManager:220 - loadIPPluginJar : add gtzc
2025-07-03 11:49:20,988 [INFO] IPUIPlugin:80 - create IPUIPlugin
2025-07-03 11:49:20,988 [INFO] PluginManager:220 - loadIPPluginJar : add hash
2025-07-03 11:49:21,060 [INFO] IPUIPlugin:80 - create IPUIPlugin
2025-07-03 11:49:21,060 [INFO] PluginManager:220 - loadIPPluginJar : add i2c
2025-07-03 11:49:21,108 [INFO] IPUIPlugin:80 - create IPUIPlugin
2025-07-03 11:49:21,108 [INFO] PluginManager:220 - loadIPPluginJar : add i2s
2025-07-03 11:49:21,156 [INFO] IPUIPlugin:80 - create IPUIPlugin
2025-07-03 11:49:21,156 [INFO] PluginManager:220 - loadIPPluginJar : add i3c
2025-07-03 11:49:21,280 [INFO] IPUIPlugin:80 - create IPUIPlugin
2025-07-03 11:49:21,280 [INFO] PluginManager:220 - loadIPPluginJar : add ipddr
2025-07-03 11:49:21,380 [INFO] IPUIPlugin:80 - create IPUIPlugin
2025-07-03 11:49:21,380 [INFO] PluginManager:220 - loadIPPluginJar : add linkedlist
2025-07-03 11:49:21,428 [INFO] IPUIPlugin:80 - create IPUIPlugin
2025-07-03 11:49:21,428 [INFO] PluginManager:220 - loadIPPluginJar : add lorawan
2025-07-03 11:49:21,484 [INFO] IPUIPlugin:80 - create IPUIPlugin
2025-07-03 11:49:21,484 [INFO] PluginManager:220 - loadIPPluginJar : add ltdc
2025-07-03 11:49:21,504 [INFO] IPUIPlugin:80 - create IPUIPlugin
2025-07-03 11:49:21,504 [INFO] PluginManager:220 - loadIPPluginJar : add mdma
2025-07-03 11:49:21,520 [INFO] IPUIPlugin:80 - create IPUIPlugin
2025-07-03 11:49:21,520 [INFO] PluginManager:220 - loadIPPluginJar : add nvic
2025-07-03 11:49:21,568 [INFO] IPUIPlugin:80 - create IPUIPlugin
2025-07-03 11:49:21,568 [INFO] PluginManager:220 - loadIPPluginJar : add opamp
2025-07-03 11:49:21,636 [INFO] IPUIPlugin:80 - create IPUIPlugin
2025-07-03 11:49:21,636 [INFO] PluginManager:220 - loadIPPluginJar : add openamp
2025-07-03 11:49:21,692 [INFO] IPUIPlugin:80 - create IPUIPlugin
2025-07-03 11:49:21,692 [INFO] PluginManager:220 - loadIPPluginJar : add pdm2pcm
2025-07-03 11:49:21,712 [INFO] IPUIPlugin:80 - create IPUIPlugin
2025-07-03 11:49:21,712 [INFO] PluginManager:220 - loadIPPluginJar : add plateformsettings
2025-07-03 11:49:21,744 [INFO] IPUIPlugin:80 - create IPUIPlugin
2025-07-03 11:49:21,744 [INFO] PluginManager:220 - loadIPPluginJar : add quadspi
2025-07-03 11:49:21,760 [INFO] IPUIPlugin:80 - create IPUIPlugin
2025-07-03 11:49:21,764 [INFO] PluginManager:220 - loadIPPluginJar : add resmgrutility
2025-07-03 11:49:21,816 [INFO] IPUIPlugin:80 - create IPUIPlugin
2025-07-03 11:49:21,816 [INFO] PluginManager:220 - loadIPPluginJar : add sai
2025-07-03 11:49:21,860 [INFO] IPUIPlugin:80 - create IPUIPlugin
2025-07-03 11:49:21,860 [INFO] PluginManager:220 - loadIPPluginJar : add spi
2025-07-03 11:49:21,924 [INFO] IPUIPlugin:80 - create IPUIPlugin
2025-07-03 11:49:21,924 [INFO] PluginManager:220 - loadIPPluginJar : add stm32_wpan
2025-07-03 11:49:21,956 [INFO] IPUIPlugin:80 - create IPUIPlugin
2025-07-03 11:49:21,956 [INFO] PluginManager:220 - loadIPPluginJar : add tim
2025-07-03 11:49:22,016 [INFO] IPUIPlugin:80 - create IPUIPlugin
2025-07-03 11:49:22,016 [INFO] PluginManager:220 - loadIPPluginJar : add touchsensing
2025-07-03 11:49:22,052 [INFO] IPUIPlugin:80 - create IPUIPlugin
2025-07-03 11:49:22,052 [INFO] PluginManager:220 - loadIPPluginJar : add tracer_emb
2025-07-03 11:49:22,080 [INFO] IPUIPlugin:80 - create IPUIPlugin
2025-07-03 11:49:22,080 [INFO] PluginManager:220 - loadIPPluginJar : add ts
2025-07-03 11:49:22,108 [INFO] IPUIPlugin:80 - create IPUIPlugin
2025-07-03 11:49:22,108 [INFO] PluginManager:220 - loadIPPluginJar : add tsc
2025-07-03 11:49:22,136 [INFO] IPUIPlugin:80 - create IPUIPlugin
2025-07-03 11:49:22,136 [INFO] PluginManager:220 - loadIPPluginJar : add ucpd
2025-07-03 11:49:22,188 [INFO] IPUIPlugin:80 - create IPUIPlugin
2025-07-03 11:49:22,188 [INFO] PluginManager:220 - loadIPPluginJar : add usart
2025-07-03 11:49:22,248 [INFO] IPUIPlugin:80 - create IPUIPlugin
2025-07-03 11:49:22,248 [INFO] PluginManager:220 - loadIPPluginJar : add usbx
2025-07-03 11:49:22,381 [INFO] CADModel:165 - CPN selected for project level
2025-07-03 11:49:22,381 [INFO] CADModel:114 - Register for checkConnection events
2025-07-03 11:49:22,385 [FATAL] Updater:308 - Updater called before beeing initialized
2025-07-03 11:49:22,385 [ERROR] CADModel:125 - Updater not yet initialized, retry later 
2025-07-03 11:49:22,505 [INFO] ThirdPartyUpdaterWithRetryManager:70 - Updater plugin not ready yet. [2/15]
2025-07-03 11:49:22,561 [INFO] CADModel:165 - CPN selected for project level
2025-07-03 11:49:22,565 [INFO] CADModel:114 - Register for checkConnection events
2025-07-03 11:49:22,565 [FATAL] Updater:308 - Updater called before beeing initialized
2025-07-03 11:49:22,565 [ERROR] CADModel:125 - Updater not yet initialized, retry later 
2025-07-03 11:49:22,569 [FATAL] Updater:308 - Updater called before beeing initialized
2025-07-03 11:49:22,709 [FATAL] Updater:308 - Updater called before beeing initialized
2025-07-03 11:49:22,729 [INFO] DbMcusAds:53 - JSON generation date=Wed May 07 16:07:55 ICT 2025 (1746608875484)
2025-07-03 11:49:22,729 [FATAL] Updater:308 - Updater called before beeing initialized
2025-07-03 11:49:22,817 [WARN] DetailPanel:346 - Failed to get advertising image, set to default
2025-07-03 11:49:22,933 [FATAL] Updater:308 - Updater called before beeing initialized
2025-07-03 11:49:22,937 [FATAL] Updater:308 - Updater called before beeing initialized
2025-07-03 11:49:22,937 [FATAL] Updater:308 - Updater called before beeing initialized
2025-07-03 11:49:22,937 [WARN] DetailPanel:346 - Failed to get advertising image, set to default
2025-07-03 11:49:22,937 [FATAL] Updater:308 - Updater called before beeing initialized
2025-07-03 11:49:23,009 [ERROR] Updater:1120 - MainUpdater not yet initialized. External WinMGr cannot be set.
2025-07-03 11:49:23,021 [INFO] Updater:1056 - Updater Version found : 6.8.1
2025-07-03 11:49:23,037 [INFO] ApplicationProperties:184 - Using Application install path: C:\ST\STM32CubeIDE_1.12.1\STM32CubeIDE\plugins\com.st.stm32cube.common.mx_6.8.1.202304191431
2025-07-03 11:49:23,318 [INFO] MainUpdater:2854 - connection check result : 10
2025-07-03 11:49:23,318 [INFO] MainUpdater:283 - Updater Check For Update Now.
2025-07-03 11:49:23,318 [INFO] MicroXplorer:498 - Change Database Version : DB.6.0.81
2025-07-03 11:49:23,526 [INFO] CheckServerUpdateThread:120 - End of CheckServer Thread
2025-07-03 11:49:23,554 [INFO] MainUpdater:2854 - connection check result : 10
2025-07-03 11:49:23,562 [INFO] MainUpdater:2854 - connection check result : 10
2025-07-03 11:49:23,750 [INFO] MicroXplorer:468 - Change Database Path : 
2025-07-03 11:49:23,750 [INFO] MicroXplorer:498 - Change Database Version : DB.6.0.81
2025-07-03 11:49:23,750 [WARN] ThirdParty:871 - waiting for thirdparty lock release [close project]
2025-07-03 11:49:25,849 [WARN] PackLoader:240 - Cannot read IP mode file for STMicroelectronics.FP-SNS-MOTENVWB1.1.4.0
2025-07-03 11:49:25,877 [WARN] PackLoader:240 - Cannot read IP mode file for STMicroelectronics.FP-ATR-ASTRA1.2.0.2
2025-07-03 11:49:25,897 [WARN] PackLoader:240 - Cannot read IP mode file for STMicroelectronics.FP-ATR-ASTRA1.2.0.1
2025-07-03 11:49:25,921 [WARN] PackLoader:240 - Cannot read IP mode file for STMicroelectronics.X-CUBE-SMBUS.2.1.0
2025-07-03 11:49:25,941 [ERROR] Engine:466 - C:\Users\LEGION\.stm32cubemx\thirdparties\pdsc\STMicroelectronics.X-CUBE-ST60.1.0.0.pdsc: PDSC version is not supported
2025-07-03 11:49:25,971 [WARN] PackLoader:240 - Cannot read IP mode file for STMicroelectronics.X-CUBE-TOUCHGFX.4.23.0
2025-07-03 11:49:25,991 [WARN] PackLoader:240 - Cannot read IP mode file for STMicroelectronics.X-CUBE-TOUCHGFX.4.23.2
2025-07-03 11:49:26,039 [WARN] PackLoader:240 - Cannot read IP mode file for STMicroelectronics.X-CUBE-AZRTOS-F7.1.1.0
2025-07-03 11:49:26,071 [WARN] PackLoader:240 - Cannot read IP mode file for STMicroelectronics.FP-SNS-MOTENV1.4.3.2
2025-07-03 11:49:26,095 [ERROR] RealEvaluatedCondition:428 - Found unsupported composite condition: GROUP='STM32_MetaDataManager' CLASS='Data Exchange'
2025-07-03 11:49:26,095 [ERROR] RealEvaluatedCondition:428 - Found unsupported composite condition: CLASS='Data Exchange' GROUP='STM32_MetaDataManager'
2025-07-03 11:49:26,099 [WARN] PackLoader:240 - Cannot read IP mode file for STMicroelectronics.FP-SNS-MOTENV1.4.3.1
2025-07-03 11:49:26,119 [WARN] PackLoader:240 - Cannot read IP mode file for STMicroelectronics.FP-SNS-FLIGHT1.5.0.1
2025-07-03 11:49:26,201 [WARN] PackLoader:240 - Cannot read IP mode file for STMicroelectronics.X-CUBE-MEMS1.11.0.0
2025-07-03 11:49:26,353 [WARN] PackLoader:240 - Cannot read IP mode file for STMicroelectronics.X-CUBE-BLE1.6.2.4
2025-07-03 11:49:26,381 [WARN] PackLoader:240 - Cannot read IP mode file for STMicroelectronics.FP-SNS-FLIGHT1.5.0.2
2025-07-03 11:49:26,413 [ERROR] Engine:466 - C:\Users\LEGION\.stm32cubemx\thirdparties\pdsc\Infineon.AIROC-Wi-Fi-Bluetooth-STM32.1.7.0.pdsc: PDSC version is not supported
2025-07-03 11:49:26,441 [WARN] PackLoader:240 - Cannot read IP mode file for STMicroelectronics.X-CUBE-DISPLAY.3.0.0
2025-07-03 11:49:26,477 [WARN] PackLoader:240 - Cannot read IP mode file for STMicroelectronics.X-CUBE-BLE1.7.0.0
2025-07-03 11:49:26,509 [WARN] PackLoader:240 - Cannot read IP mode file for STMicroelectronics.X-CUBE-NFC10.1.0.0
2025-07-03 11:49:26,533 [ERROR] Engine:466 - C:\Users\LEGION\.stm32cubemx\thirdparties\pdsc\STMicroelectronics.X-CUBE-BLEMGR.4.0.0.pdsc: PDSC version is not supported
2025-07-03 11:49:26,585 [WARN] PackLoader:240 - Cannot read IP mode file for emotas.I-CUBE-CANOPEN.1.3.0
2025-07-03 11:49:26,617 [ERROR] Engine:466 - C:\Users\LEGION\.stm32cubemx\thirdparties\pdsc\quantropi.X-CUBE-qispace-sdk-base.2.0.0.pdsc: PDSC version is not supported
2025-07-03 11:49:26,645 [WARN] PackLoader:240 - Cannot read IP mode file for STMicroelectronics.X-CUBE-BLEMGR.3.1.0
2025-07-03 11:49:26,677 [WARN] PackLoader:240 - Cannot read IP mode file for STMicroelectronics.FP-SNS-SMARTAG2.1.2.0
2025-07-03 11:49:26,705 [ERROR] Engine:466 - C:\Users\LEGION\.stm32cubemx\thirdparties\pdsc\STMicroelectronics.FP-SNS-FLIGHT1.5.1.0.pdsc: PDSC version is not supported
2025-07-03 11:49:26,737 [INFO] LogOutputStream:77 - [STDOUT_REDIRECT] 1 : Invalid condition id : UX_CORESTACK_Condition cause : null
2025-07-03 11:49:26,737 [INFO] LogOutputStream:77 - [STDOUT_REDIRECT] 1 : Invalid condition id : UX_CORESTACK_Condition cause : null
2025-07-03 11:49:26,737 [INFO] LogOutputStream:77 - [STDOUT_REDIRECT] 1 : Invalid condition id : UX_CORESTACK_Condition cause : null
2025-07-03 11:49:26,741 [INFO] LogOutputStream:77 - [STDOUT_REDIRECT] 1 : Invalid condition id : UX_CORESTACK_Condition cause : null
2025-07-03 11:49:26,741 [INFO] LogOutputStream:77 - [STDOUT_REDIRECT] 1 : Invalid condition id : UX_CORESTACK_Condition cause : null
2025-07-03 11:49:26,745 [WARN] PackLoader:240 - Cannot read IP mode file for STMicroelectronics.X-CUBE-AZRTOS-WL.2.0.0
2025-07-03 11:49:26,773 [WARN] PackLoader:240 - Cannot read IP mode file for STMicroelectronics.FP-SNS-MOTENV1.5.0.0
2025-07-03 11:49:26,805 [WARN] PackLoader:240 - Cannot read IP mode file for wolfSSL.I-CUBE-wolfMQTT.1.19.0
2025-07-03 11:49:26,839 [WARN] PackLoader:240 - Cannot read IP mode file for WES.I-CUBE-Cesium.1.3.0
2025-07-03 11:49:26,867 [WARN] PackLoader:240 - Cannot read IP mode file for STMicroelectronics.X-CUBE-BLE2.3.3.0
2025-07-03 11:49:26,899 [WARN] PackLoader:240 - Cannot read IP mode file for STMicroelectronics.X-CUBE-NFC9.1.0.0
2025-07-03 11:49:26,927 [WARN] PackLoader:240 - Cannot read IP mode file for wolfSSL.I-CUBE-wolfSSL.5.8.0
2025-07-03 11:49:26,955 [WARN] PackLoader:240 - Cannot read IP mode file for STMicroelectronics.X-CUBE-BLE1.7.1.0
2025-07-03 11:49:26,979 [WARN] PackLoader:240 - Cannot read IP mode file for wolfSSL.I-CUBE-wolfMQTT.1.19.2
2025-07-03 11:49:27,003 [WARN] PackLoader:240 - Cannot read IP mode file for STMicroelectronics.X-CUBE-TCPP.4.1.0
2025-07-03 11:49:27,023 [WARN] PackLoader:240 - Cannot read IP mode file for STMicroelectronics.X-CUBE-TOUCHGFX.4.21.4
2025-07-03 11:49:27,043 [WARN] PackLoader:240 - Cannot read IP mode file for STMicroelectronics.X-CUBE-AI.10.1.0
2025-07-03 11:49:27,059 [WARN] PackLoader:240 - Cannot read IP mode file for STMicroelectronics.X-CUBE-ALGOBUILD.1.3.0
2025-07-03 11:49:27,111 [WARN] PackLoader:240 - Cannot read IP mode file for STMicroelectronics.X-CUBE-MEMS1.11.2.0
2025-07-03 11:49:27,235 [WARN] PackLoader:240 - Cannot read IP mode file for STMicroelectronics.X-CUBE-AZRTOS-G0.1.1.0
2025-07-03 11:49:27,259 [WARN] PackLoader:240 - Cannot read IP mode file for STMicroelectronics.X-CUBE-SAFEA1.1.2.2
2025-07-03 11:49:27,279 [WARN] PackLoader:240 - Cannot read IP mode file for STMicroelectronics.X-CUBE-NFC4.3.0.0
2025-07-03 11:49:27,295 [ERROR] Engine:466 - C:\Users\LEGION\.stm32cubemx\thirdparties\pdsc\EmbeddedOffice.I-CUBE-FS-RTOS.1.0.1.pdsc: PDSC version is not supported
2025-07-03 11:49:27,315 [WARN] PackLoader:240 - Cannot read IP mode file for STMicroelectronics.X-CUBE-WB05N.2.0.0
2025-07-03 11:49:27,335 [WARN] PackLoader:240 - Cannot read IP mode file for STMicroelectronics.X-CUBE-BLEMGR.3.0.0
2025-07-03 11:49:27,351 [WARN] PackLoader:240 - Cannot read IP mode file for wolfSSL.I-CUBE-wolfTPM.3.8.0
2025-07-03 11:49:27,367 [ERROR] Engine:466 - C:\Users\LEGION\.stm32cubemx\thirdparties\pdsc\STMicroelectronics.X-CUBE-TCPP.4.2.0.pdsc: PDSC version is not supported
2025-07-03 11:49:27,379 [ERROR] Engine:466 - C:\Users\LEGION\.stm32cubemx\thirdparties\pdsc\RealThread.X-CUBE-RT-Thread_Nano.4.1.1.pdsc: PDSC version is not supported
2025-07-03 11:49:27,399 [WARN] PackLoader:240 - Cannot read IP mode file for STMicroelectronics.FP-ATR-SIGFOX1.3.2.0
2025-07-03 11:49:27,415 [WARN] PackLoader:240 - Cannot read IP mode file for STMicroelectronics.X-CUBE-EEPRMA1.5.1.0
2025-07-03 11:49:27,435 [WARN] PackLoader:240 - Cannot read IP mode file for ITTIA_DB.I-CUBE-ITTIADB.8.9.0
2025-07-03 11:49:27,447 [ERROR] Engine:466 - C:\Users\LEGION\.stm32cubemx\thirdparties\pdsc\STMicroelectronics.X-CUBE-ST67W61.1.0.0.pdsc: PDSC version is not supported
2025-07-03 11:49:27,483 [WARN] PackLoader:240 - Cannot read IP mode file for SEGGER.I-CUBE-embOS.1.3.1
2025-07-03 11:49:27,543 [WARN] PackLoader:240 - Cannot read IP mode file for STMicroelectronics.X-CUBE-ALGOBUILD.1.4.0
2025-07-03 11:49:27,595 [WARN] PackLoader:240 - Cannot read IP mode file for STMicroelectronics.X-CUBE-MEMS1.11.3.0
2025-07-03 11:49:27,703 [WARN] PackLoader:240 - Cannot read IP mode file for STMicroelectronics.X-CUBE-AI.9.1.0
2025-07-03 11:49:27,719 [WARN] PackLoader:240 - Cannot read IP mode file for STMicroelectronics.X-CUBE-PM33A1.1.0.0
2025-07-03 11:49:27,739 [WARN] PackLoader:240 - Cannot read IP mode file for STMicroelectronics.X-CUBE-GNSS1.6.0.0
2025-07-03 11:49:27,767 [WARN] PackLoader:240 - Cannot read IP mode file for STMicroelectronics.X-CUBE-AZRTOS-F4.1.1.0
2025-07-03 11:49:27,781 [ERROR] Engine:466 - C:\Users\LEGION\.stm32cubemx\thirdparties\pdsc\Avnet-IotConnect.X-CUBE-IoTC-DA16k-PMOD.1.0.0.pdsc: PDSC version is not supported
2025-07-03 11:49:27,797 [WARN] PackLoader:240 - Cannot read IP mode file for wolfSSL.I-CUBE-wolfSSL.5.6.0
2025-07-03 11:49:27,813 [WARN] PackLoader:240 - Cannot read IP mode file for STMicroelectronics.X-CUBE-ISPU.2.1.0
2025-07-03 11:49:27,829 [WARN] PackLoader:240 - Cannot read IP mode file for STMicroelectronics.X-CUBE-FREERTOS.1.2.0
2025-07-03 11:49:27,853 [WARN] PackLoader:240 - Cannot read IP mode file for STMicroelectronics.X-CUBE-AZRTOS-L5.2.0.0
2025-07-03 11:49:27,912 [WARN] PackLoader:240 - Cannot read IP mode file for STMicroelectronics.X-CUBE-MEMS1.9.6.0
2025-07-03 11:49:28,040 [WARN] PackLoader:240 - Cannot read IP mode file for STMicroelectronics.X-CUBE-NFC6.3.1.0
2025-07-03 11:49:28,052 [WARN] PackLoader:240 - Cannot read IP mode file for ITTIA_DB.I-CUBE-ITTIADB.8.8.0
2025-07-03 11:49:28,064 [WARN] PackLoader:240 - Cannot read IP mode file for emotas.I-CUBE-CANOPEN.1.1.3
2025-07-03 11:49:28,080 [WARN] PackLoader:240 - Cannot read IP mode file for STMicroelectronics.X-CUBE-BLEMGR.2.0.0
2025-07-03 11:49:28,092 [ERROR] Engine:466 - C:\Users\LEGION\.stm32cubemx\thirdparties\pdsc\STMicroelectronics.X-CUBE-DPower.1.2.0.pdsc: PDSC version is not supported
2025-07-03 11:49:28,104 [WARN] PackLoader:240 - Cannot read IP mode file for STMicroelectronics.X-CUBE-AI.9.0.0
2025-07-03 11:49:28,128 [WARN] ConditionMgr:438 - getConditionDescription Invalid condition id : UX DEVICE CLASS RTOS Condition cause : null
2025-07-03 11:49:28,128 [WARN] ConditionMgr:438 - getConditionDescription Invalid condition id : UX DEVICE CLASS RTOS Condition cause : null
2025-07-03 11:49:28,128 [WARN] PackLoader:240 - Cannot read IP mode file for STMicroelectronics.X-CUBE-AZRTOS-H7.3.1.0
2025-07-03 11:49:28,128 [WARN] ConditionMgr:1039 - genDependencies : Invalid condition id : UX DEVICE CLASS RTOS Condition cause : null
2025-07-03 11:49:28,128 [WARN] ConditionMgr:1039 - genDependencies : Invalid condition id : UX DEVICE CLASS RTOS Condition cause : null
2025-07-03 11:49:28,132 [WARN] ConditionMgr:1039 - genDependencies : Invalid condition id : UX DEVICE CLASS RTOS Condition cause : null
2025-07-03 11:49:28,132 [WARN] ConditionMgr:1039 - genDependencies : Invalid condition id : UX DEVICE CLASS RTOS Condition cause : null
2025-07-03 11:49:28,132 [WARN] ConditionMgr:1039 - genDependencies : Invalid condition id : UX DEVICE CLASS RTOS Condition cause : null
2025-07-03 11:49:28,144 [WARN] PackLoader:240 - Cannot read IP mode file for STMicroelectronics.X-CUBE-FREERTOS.1.3.1
2025-07-03 11:49:28,160 [WARN] PackLoader:240 - Cannot read IP mode file for STMicroelectronics.X-CUBE-NFC7.1.0.1
2025-07-03 11:49:28,172 [WARN] PackLoader:240 - Cannot read IP mode file for STMicroelectronics.X-CUBE-NFC7.1.0.0
2025-07-03 11:49:28,188 [WARN] PackLoader:240 - Cannot read IP mode file for STMicroelectronics.X-CUBE-NFC6.3.0.0
2025-07-03 11:49:28,200 [WARN] PackLoader:240 - Cannot read IP mode file for STMicroelectronics.X-CUBE-EEPRMA1.4.1.0
2025-07-03 11:49:28,212 [ERROR] Engine:466 - C:\Users\LEGION\.stm32cubemx\thirdparties\pdsc\STMicroelectronics.FP-SNS-STAIOTCFT.1.0.0.pdsc: PDSC version is not supported
2025-07-03 11:49:28,224 [ERROR] Engine:466 - C:\Users\LEGION\.stm32cubemx\thirdparties\pdsc\STMicroelectronics.X-CUBE-DPower.1.3.0.pdsc: PDSC version is not supported
2025-07-03 11:49:28,236 [WARN] PackLoader:240 - Cannot read IP mode file for STMicroelectronics.X-CUBE-AI.8.1.0
2025-07-03 11:49:28,264 [WARN] ConditionMgr:438 - getConditionDescription Invalid condition id : LAN8742 Phy interface Condition cause : null
2025-07-03 11:49:28,264 [WARN] PackLoader:240 - Cannot read IP mode file for STMicroelectronics.X-CUBE-AZRTOS-L4.2.0.0
2025-07-03 11:49:28,264 [WARN] ConditionMgr:1039 - genDependencies : Invalid condition id : LAN8742 Phy interface Condition cause : null
2025-07-03 11:49:28,264 [WARN] ConditionMgr:1039 - genDependencies : Invalid condition id : LAN8742 Phy interface Condition cause : null
2025-07-03 11:49:28,264 [WARN] ConditionMgr:1039 - genDependencies : Invalid condition id : LAN8742 Phy interface Condition cause : null
2025-07-03 11:49:28,280 [WARN] PackLoader:240 - Cannot read IP mode file for STMicroelectronics.X-CUBE-SFXS2LP1.4.0.0
2025-07-03 11:49:28,292 [WARN] PackLoader:240 - Cannot read IP mode file for STMicroelectronics.X-CUBE-ISPU.1.1.0
2025-07-03 11:49:28,316 [WARN] PackLoader:240 - Cannot read IP mode file for STMicroelectronics.X-CUBE-AZRTOS-H7.3.3.0
2025-07-03 11:49:28,336 [ERROR] Engine:466 - C:\Users\LEGION\.stm32cubemx\thirdparties\pdsc\STMicroelectronics.X-CUBE-IPS.3.0.0.pdsc: PDSC version is not supported
2025-07-03 11:49:28,360 [WARN] ConditionMgr:438 - getConditionDescription Invalid condition id : UX DEVICE CLASS RTOS Condition cause : null
2025-07-03 11:49:28,360 [WARN] ConditionMgr:438 - getConditionDescription Invalid condition id : UX DEVICE CLASS RTOS Condition cause : null
2025-07-03 11:49:28,360 [WARN] PackLoader:240 - Cannot read IP mode file for STMicroelectronics.X-CUBE-AZRTOS-WB.2.0.0
2025-07-03 11:49:28,360 [WARN] ConditionMgr:1039 - genDependencies : Invalid condition id : UX DEVICE CLASS RTOS Condition cause : null
2025-07-03 11:49:28,360 [WARN] ConditionMgr:1039 - genDependencies : Invalid condition id : UX DEVICE CLASS RTOS Condition cause : null
2025-07-03 11:49:28,360 [WARN] ConditionMgr:1039 - genDependencies : Invalid condition id : UX DEVICE CLASS RTOS Condition cause : null
2025-07-03 11:49:28,360 [WARN] ConditionMgr:1039 - genDependencies : Invalid condition id : UX DEVICE CLASS RTOS Condition cause : null
2025-07-03 11:49:28,360 [WARN] ConditionMgr:1039 - genDependencies : Invalid condition id : UX DEVICE CLASS RTOS Condition cause : null
2025-07-03 11:49:28,376 [WARN] PackLoader:240 - Cannot read IP mode file for STMicroelectronics.X-CUBE-FREERTOS.1.0.1
2025-07-03 11:49:28,388 [WARN] PackLoader:240 - Cannot read IP mode file for STMicroelectronics.X-CUBE-GNSS1.7.0.0
2025-07-03 11:49:28,400 [WARN] PackLoader:240 - Cannot read IP mode file for STMicroelectronics.X-CUBE-GNSS1.7.0.1
2025-07-03 11:49:28,416 [WARN] PackLoader:240 - Cannot read IP mode file for STMicroelectronics.X-CUBE-TOUCHGFX.4.25.0
2025-07-03 11:49:28,428 [ERROR] Engine:466 - C:\Users\LEGION\.stm32cubemx\thirdparties\pdsc\STMicroelectronics.FP-SNS-STBOX1.2.0.0.pdsc: PDSC version is not supported
2025-07-03 11:49:28,448 [WARN] PackLoader:240 - Cannot read IP mode file for STMicroelectronics.X-CUBE-AZRTOS-L5.1.1.0
2025-07-03 11:49:28,460 [WARN] PackLoader:240 - Cannot read IP mode file for STMicroelectronics.X-CUBE-AI.8.0.1
2025-07-03 11:49:28,480 [WARN] PackLoader:240 - Cannot read IP mode file for STMicroelectronics.X-CUBE-SUBG2.5.0.0
2025-07-03 11:49:28,508 [WARN] PackLoader:240 - Cannot read IP mode file for STMicroelectronics.X-CUBE-AZRTOS-H7RS.1.1.0
2025-07-03 11:49:28,524 [ERROR] Engine:466 - C:\Users\LEGION\STM32Cube\Repository\Packs\NimaLTD\I-CUBE-EE\3.2.2\NimaLTD.I-CUBE-EE.pdsc: PDSC version is not supported
2025-07-03 11:49:28,536 [WARN] PackLoader:240 - Cannot read IP mode file for Cesanta.I-CUBE-Mongoose.7.13.0
2025-07-03 11:49:28,560 [WARN] PackLoader:240 - Cannot read IP mode file for STMicroelectronics.X-CUBE-AZRTOS-G4.2.0.0
2025-07-03 11:49:28,576 [WARN] PackLoader:240 - Cannot read IP mode file for STMicroelectronics.X-CUBE-TOF1.3.3.0
2025-07-03 11:49:28,604 [WARN] PackLoader:240 - Cannot read IP mode file for Infineon.AIROC-Wi-Fi-Bluetooth-STM32.1.5.1
2025-07-03 11:49:28,616 [WARN] PackLoader:240 - Cannot read IP mode file for wolfSSL.I-CUBE-wolfSSH.1.4.20
2025-07-03 11:49:28,632 [WARN] PackLoader:240 - Cannot read IP mode file for STMicroelectronics.X-CUBE-NFC7.2.0.0
2025-07-03 11:49:28,644 [WARN] PackLoader:240 - Cannot read IP mode file for STMicroelectronics.FP-SNS-MOTENVWB1.1.3.1
2025-07-03 11:49:28,660 [WARN] PackLoader:240 - Cannot read IP mode file for STMicroelectronics.X-CUBE-ISPU.2.0.0
2025-07-03 11:49:28,676 [ERROR] Engine:466 - C:\Users\LEGION\.stm32cubemx\thirdparties\pdsc\STMicroelectronics.X-CUBE-IPS.3.1.0.pdsc: PDSC version is not supported
2025-07-03 11:49:28,688 [WARN] PackLoader:240 - Cannot read IP mode file for STMicroelectronics.X-CUBE-ALS.1.0.2
2025-07-03 11:49:28,728 [WARN] PackLoader:240 - Cannot read IP mode file for STMicroelectronics.X-CUBE-MEMS1.10.0.0
2025-07-03 11:49:28,808 [WARN] PackLoader:240 - Cannot read IP mode file for STMicroelectronics.X-CUBE-FREERTOS.1.1.0
2025-07-03 11:49:28,820 [WARN] PackLoader:240 - Cannot read IP mode file for STMicroelectronics.X-CUBE-TOUCHGFX.4.24.0
2025-07-03 11:49:28,836 [WARN] PackLoader:240 - Cannot read IP mode file for STMicroelectronics.X-CUBE-TOUCHGFX.4.24.1
2025-07-03 11:49:28,856 [WARN] PackLoader:240 - Cannot read IP mode file for portGmbH.I-Cube-SoM-uGOAL.1.1.0
2025-07-03 11:49:28,868 [WARN] PackLoader:240 - Cannot read IP mode file for STMicroelectronics.X-CUBE-ALS.1.0.1
2025-07-03 11:49:28,892 [WARN] PackLoader:240 - Cannot read IP mode file for STMicroelectronics.X-CUBE-AZRTOS-WB.1.1.0
2025-07-03 11:49:28,916 [WARN] PackLoader:240 - Cannot read IP mode file for STMicroelectronics.X-CUBE-AZRTOS-H7RS.1.0.0
2025-07-03 11:49:28,928 [WARN] PackLoader:240 - Cannot read IP mode file for STMicroelectronics.FP-ATR-ASTRA1.2.0.0
2025-07-03 11:49:28,940 [ERROR] Engine:466 - C:\Users\LEGION\.stm32cubemx\thirdparties\pdsc\STMicroelectronics.X-CUBE-TOF1.3.4.2.pdsc: PDSC version is not supported
2025-07-03 11:49:28,956 [ERROR] Engine:466 - C:\Users\LEGION\.stm32cubemx\thirdparties\pdsc\STMicroelectronics.X-CUBE-TOF1.3.4.3.pdsc: PDSC version is not supported
2025-07-03 11:49:28,968 [WARN] PackLoader:240 - Cannot read IP mode file for STMicroelectronics.X-CUBE-TOF1.3.4.0
2025-07-03 11:49:28,992 [WARN] PackLoader:240 - Cannot read IP mode file for STMicroelectronics.X-CUBE-TOF1.3.4.1
2025-07-03 11:49:29,028 [WARN] PackLoader:240 - Cannot read IP mode file for STMicroelectronics.X-CUBE-AZRTOS-H7.3.2.0
2025-07-03 11:49:29,028 [INFO] ThirdParty:978 - Integrity check success = true
2025-07-03 11:49:29,028 [INFO] IntegrityCheckThread:100 - exiting critical section [integrity check]
2025-07-03 11:49:29,028 [INFO] IntegrityCheckThread:103 - End integrity checks thread
2025-07-03 11:49:29,028 [INFO] ThirdParty:873 - entering critical section [close project]
2025-07-03 11:49:29,032 [INFO] ThirdParty:883 - exiting critical section [close project]
2025-07-03 11:49:29,032 [INFO] PinOutPanel:1499 - setPackage(No Configuration,No Configuration)
2025-07-03 11:49:29,040 [INFO] UtilMem:75 - Begin LoadConfig() Used Memory: 170473800 Bytes (268435456)
2025-07-03 11:49:29,040 [INFO] MicroXplorer:468 - Change Database Path : 
2025-07-03 11:49:29,040 [INFO] MicroXplorer:498 - Change Database Version : DB.6.0.81
2025-07-03 11:49:29,040 [INFO] OpenFileManager:308 - Change cursor
2025-07-03 11:49:29,076 [INFO] Mcu:1937 - Initializing MCU STM32F411C(C-E)Ux STM32F411CEUx STM32F411CEU6
2025-07-03 11:49:30,295 [INFO] Context:659 - Trying to add GPIOservice into a context  which must be forbidden
2025-07-03 11:49:30,891 [INFO] RtosManager:555 - Registered RTOS mode: class=CMSIS, group=RTOS, mode=CMSIS_V1, owner=FREERTOS
2025-07-03 11:49:30,895 [INFO] RtosManager:555 - Registered RTOS mode: class=CMSIS, group=RTOS2, mode=CMSIS_V2, owner=FREERTOS
2025-07-03 11:49:30,895 [INFO] RtosManager:555 - Registered RTOS mode: class=RTOS, group=Core, mode=CMSIS_V1, owner=FREERTOS
2025-07-03 11:49:30,895 [INFO] RtosManager:555 - Registered RTOS mode: class=RTOS, group=Core, mode=CMSIS_V2, owner=FREERTOS
2025-07-03 11:49:30,895 [WARN] ModelIntegratedComponent:184 - Missing modes for component STMicroelectronics:FreeRTOS:0.0.1:STMicroelectronics:RTOS:FreeRTOS:Core:::10.2.0:
2025-07-03 11:49:30,899 [WARN] ModelIntegratedComponent:63 - No mode defined for component null
2025-07-03 11:49:30,899 [WARN] ModelIntegratedComponent:63 - No mode defined for component null
2025-07-03 11:49:30,899 [WARN] ModelIntegratedComponent:63 - No mode defined for component null
2025-07-03 11:49:30,899 [WARN] ModelIntegratedComponent:63 - No mode defined for component null
2025-07-03 11:49:30,899 [WARN] ModelIntegratedComponent:63 - No mode defined for component null
2025-07-03 11:49:30,899 [WARN] ModelIntegratedComponent:63 - No mode defined for component null
2025-07-03 11:49:30,899 [WARN] ModelIntegratedComponent:63 - No mode defined for component null
2025-07-03 11:49:30,899 [WARN] ModelIntegratedComponent:63 - No mode defined for component null
2025-07-03 11:49:30,899 [WARN] ModelIntegratedComponent:63 - No mode defined for component null
2025-07-03 11:49:30,903 [WARN] ModelIntegratedComponent:63 - No mode defined for component null
2025-07-03 11:49:30,903 [WARN] ModelIntegratedComponent:63 - No mode defined for component null
2025-07-03 11:49:30,903 [WARN] ModelIntegratedComponent:63 - No mode defined for component null
2025-07-03 11:49:30,903 [WARN] ModelIntegratedComponent:63 - No mode defined for component null
2025-07-03 11:49:30,903 [WARN] ModelIntegratedComponent:63 - No mode defined for component null
2025-07-03 11:49:30,903 [WARN] ModelIntegratedComponent:63 - No mode defined for component null
2025-07-03 11:49:30,903 [WARN] ModelIntegratedComponent:63 - No mode defined for component null
2025-07-03 11:49:30,903 [WARN] ModelIntegratedComponent:63 - No mode defined for component null
2025-07-03 11:49:30,903 [WARN] ModelIntegratedComponent:63 - No mode defined for component null
2025-07-03 11:49:30,903 [WARN] ModelIntegratedComponent:63 - No mode defined for component null
2025-07-03 11:49:30,903 [WARN] ModelIntegratedComponent:63 - No mode defined for component null
2025-07-03 11:49:30,903 [WARN] ModelIntegratedComponent:63 - No mode defined for component null
2025-07-03 11:49:30,903 [WARN] ModelIntegratedComponent:63 - No mode defined for component null
2025-07-03 11:49:30,903 [WARN] ModelIntegratedComponent:63 - No mode defined for component null
2025-07-03 11:49:30,903 [WARN] ModelIntegratedComponent:63 - No mode defined for component null
2025-07-03 11:49:30,903 [WARN] ModelIntegratedComponent:63 - No mode defined for component null
2025-07-03 11:49:30,903 [WARN] ModelIntegratedComponent:63 - No mode defined for component null
2025-07-03 11:49:30,903 [WARN] ModelIntegratedComponent:63 - No mode defined for component null
2025-07-03 11:49:30,903 [WARN] ModelIntegratedComponent:63 - No mode defined for component null
2025-07-03 11:49:30,903 [WARN] ModelIntegratedComponent:63 - No mode defined for component null
2025-07-03 11:49:30,903 [WARN] ModelIntegratedComponent:63 - No mode defined for component null
2025-07-03 11:49:30,903 [WARN] ModelIntegratedComponent:63 - No mode defined for component null
2025-07-03 11:49:30,903 [WARN] ModelIntegratedComponent:63 - No mode defined for component null
2025-07-03 11:49:30,903 [WARN] ModelIntegratedComponent:63 - No mode defined for component null
2025-07-03 11:49:30,907 [WARN] ModelIntegratedComponent:182 - Modes not found for component STMicroelectronics:USB_DEVICE:1.0.0:STMicroelectronics:USB::USB Device:Audio HS::1.0:USB_DEVICE_1_0_RESTRICTED_HS
2025-07-03 11:49:30,907 [WARN] ModelIntegratedComponent:188 - Modes not found for component STMicroelectronics:USB_DEVICE:1.0.0:STMicroelectronics:USB::USB Device:Audio HS::1.0:USB_DEVICE_1_0_RESTRICTED_HS
2025-07-03 11:49:30,907 [WARN] ModelIntegratedComponent:182 - Modes not found for component STMicroelectronics:USB_DEVICE:1.0.0:STMicroelectronics:USB::USB Device:CDC HS::1.0:USB_DEVICE_1_0_RESTRICTED_HS
2025-07-03 11:49:30,907 [WARN] ModelIntegratedComponent:188 - Modes not found for component STMicroelectronics:USB_DEVICE:1.0.0:STMicroelectronics:USB::USB Device:CDC HS::1.0:USB_DEVICE_1_0_RESTRICTED_HS
2025-07-03 11:49:30,907 [WARN] ModelIntegratedComponent:182 - Modes not found for component STMicroelectronics:USB_DEVICE:1.0.0:STMicroelectronics:USB::USB Device:DFU HS::1.0:USB_DEVICE_1_0_RESTRICTED_HS
2025-07-03 11:49:30,907 [WARN] ModelIntegratedComponent:188 - Modes not found for component STMicroelectronics:USB_DEVICE:1.0.0:STMicroelectronics:USB::USB Device:DFU HS::1.0:USB_DEVICE_1_0_RESTRICTED_HS
2025-07-03 11:49:30,907 [WARN] ModelIntegratedComponent:182 - Modes not found for component STMicroelectronics:USB_DEVICE:1.0.0:STMicroelectronics:USB::USB Device:HID HS::1.0:USB_DEVICE_1_0_RESTRICTED_HS
2025-07-03 11:49:30,911 [WARN] ModelIntegratedComponent:188 - Modes not found for component STMicroelectronics:USB_DEVICE:1.0.0:STMicroelectronics:USB::USB Device:HID HS::1.0:USB_DEVICE_1_0_RESTRICTED_HS
2025-07-03 11:49:30,911 [WARN] ModelIntegratedComponent:182 - Modes not found for component STMicroelectronics:USB_DEVICE:1.0.0:STMicroelectronics:USB::USB Device:Custom HID HS::1.0:USB_DEVICE_1_0_RESTRICTED_HS
2025-07-03 11:49:30,911 [WARN] ModelIntegratedComponent:188 - Modes not found for component STMicroelectronics:USB_DEVICE:1.0.0:STMicroelectronics:USB::USB Device:Custom HID HS::1.0:USB_DEVICE_1_0_RESTRICTED_HS
2025-07-03 11:49:30,911 [WARN] ModelIntegratedComponent:182 - Modes not found for component STMicroelectronics:USB_DEVICE:1.0.0:STMicroelectronics:USB::USB Device:MSC HS::1.0:USB_DEVICE_1_0_RESTRICTED_HS
2025-07-03 11:49:30,911 [WARN] ModelIntegratedComponent:188 - Modes not found for component STMicroelectronics:USB_DEVICE:1.0.0:STMicroelectronics:USB::USB Device:MSC HS::1.0:USB_DEVICE_1_0_RESTRICTED_HS
2025-07-03 11:49:30,971 [WARN] ModelIntegratedComponent:182 - Modes not found for component STMicroelectronics:USB_HOST:1.0.0:STMicroelectronics:USB::USB Host:Audio HS::1.0:USB_HOST_1_0_RESTRICTED_HS
2025-07-03 11:49:30,975 [WARN] ModelIntegratedComponent:188 - Modes not found for component STMicroelectronics:USB_HOST:1.0.0:STMicroelectronics:USB::USB Host:Audio HS::1.0:USB_HOST_1_0_RESTRICTED_HS
2025-07-03 11:49:30,975 [WARN] ModelIntegratedComponent:182 - Modes not found for component STMicroelectronics:USB_HOST:1.0.0:STMicroelectronics:USB::USB Host:CDC HS::1.0:USB_HOST_1_0_RESTRICTED_HS
2025-07-03 11:49:30,975 [WARN] ModelIntegratedComponent:188 - Modes not found for component STMicroelectronics:USB_HOST:1.0.0:STMicroelectronics:USB::USB Host:CDC HS::1.0:USB_HOST_1_0_RESTRICTED_HS
2025-07-03 11:49:30,975 [WARN] ModelIntegratedComponent:182 - Modes not found for component STMicroelectronics:USB_HOST:1.0.0:STMicroelectronics:USB::USB Host:MSC HS::1.0:USB_HOST_1_0_RESTRICTED_HS
2025-07-03 11:49:30,975 [WARN] ModelIntegratedComponent:188 - Modes not found for component STMicroelectronics:USB_HOST:1.0.0:STMicroelectronics:USB::USB Host:MSC HS::1.0:USB_HOST_1_0_RESTRICTED_HS
2025-07-03 11:49:30,975 [WARN] ModelIntegratedComponent:182 - Modes not found for component STMicroelectronics:USB_HOST:1.0.0:STMicroelectronics:USB::USB Host:HID HS::1.0:USB_HOST_1_0_RESTRICTED_HS
2025-07-03 11:49:30,975 [WARN] ModelIntegratedComponent:188 - Modes not found for component STMicroelectronics:USB_HOST:1.0.0:STMicroelectronics:USB::USB Host:HID HS::1.0:USB_HOST_1_0_RESTRICTED_HS
2025-07-03 11:49:30,975 [WARN] ModelIntegratedComponent:182 - Modes not found for component STMicroelectronics:USB_HOST:1.0.0:STMicroelectronics:USB::USB Host:MTP HS::1.0:USB_HOST_1_0_RESTRICTED_HS
2025-07-03 11:49:30,975 [WARN] ModelIntegratedComponent:188 - Modes not found for component STMicroelectronics:USB_HOST:1.0.0:STMicroelectronics:USB::USB Host:MTP HS::1.0:USB_HOST_1_0_RESTRICTED_HS
2025-07-03 11:49:31,115 [INFO] ThirdPartyModel:298 - Start build external matchings
2025-07-03 11:49:33,009 [INFO] ThirdPartyModel:316 - End build external matchings
2025-07-03 11:49:33,109 [INFO] ImportTextPane:194 - (OptionalMessage_ERROR) IP (RCC) : Parameter (RTCHSEDivFreq_Value) has invalid value (12500000)
2025-07-03 11:49:33,109 [WARN] IP:2113 - DEVICE_SERIAL0_CDC_FS not found: check if there is a RefParameter without a condition.
2025-07-03 11:49:33,109 [WARN] IP:2113 - DEVICE_SERIAL1_CDC_FS not found: check if there is a RefParameter without a condition.
2025-07-03 11:49:33,109 [WARN] IP:2113 - DEVICE_SERIAL2_CDC_FS not found: check if there is a RefParameter without a condition.
2025-07-03 11:49:33,333 [INFO] UtilMem:75 - End LoadConfig() Used Memory: 217110728 Bytes (268435456)
2025-07-03 11:49:33,490 [INFO] ApiDb:581 - Connected to CubeFinder SQLite database (C:\Users\LEGION\.stmcufinder\plugins\mcufinder\mcu\cube-finder-db.db)
2025-07-03 11:49:33,582 [INFO] ApiDb:668 - CubeFinder database Data Model version=2.1
2025-07-03 11:49:33,582 [INFO] ApiDb:669 - CubeFinder database Configuration version=3.0.39
2025-07-03 11:49:33,582 [INFO] ApiDb:670 - CubeFinder database generation date=2025-05-20 (1747743314)
2025-07-03 11:49:33,582 [ERROR] LogOutputStream:75 - [STDERR_REDIRECT] SLF4J: Failed to load class "org.slf4j.impl.StaticLoggerBinder".
2025-07-03 11:49:33,582 [INFO] ApiDb:671 - CubeFinder database FW Pack versions=[FP-ATR-ASTRA1_V2.0.0, FP-SNS-FLIGHT1_V5.1.0, FP-SNS-MOTENV1_V5.0.0, FP-SNS-MOTENVWB1_V1.4.0, FP-SNS-SMARTAG2_V1.2.0, FP-SNS-STBOX1_V2.0.0, STM32Cube_FW_C0_V1.4.0, STM32Cube_FW_F4_V1.28.2, STM32Cube_FW_F7_V1.17.3, STM32Cube_FW_G0_V1.6.2, STM32Cube_FW_G4_V1.6.1, STM32Cube_FW_H5_V1.5.0, STM32Cube_FW_H7RS_V1.2.0, STM32Cube_FW_H7_V1.12.1, STM32Cube_FW_L0_V1.12.2, STM32Cube_FW_L4_V1.18.1, STM32Cube_FW_L5_V1.5.1, STM32Cube_FW_N6_V1.1.1, STM32Cube_FW_U0_V1.2.0, STM32Cube_FW_U3_V1.1.0, STM32Cube_FW_U5_V1.7.0, STM32Cube_FW_WB0_V1.2.0, STM32Cube_FW_WBA_V1.6.0, STM32Cube_FW_WB_V1.22.0, STM32Cube_FW_WL3_V1.1.0, STM32Cube_FW_WL_V1.3.1, X-CUBE-ALGOBUILD_V1.4.0, X-CUBE-ALS_V1.0.2, X-CUBE-AZRTOS-F4_V1.1.0, X-CUBE-AZRTOS-F7_V1.1.0, X-CUBE-AZRTOS-G0_V1.1.0, X-CUBE-AZRTOS-G4_V2.0.0, X-CUBE-AZRTOS-H7RS_V1.1.0, X-CUBE-AZRTOS-H7_V3.3.0, X-CUBE-AZRTOS-L4_V2.0.0, X-CUBE-AZRTOS-L5_V2.0.0, X-CUBE-AZRTOS-WB_V2.0.0, X-CUBE-AZRTOS-WL_V2.0.0, X-CUBE-BLE1_V7.1.0, X-CUBE-BLE2_V3.3.0, X-CUBE-BLEMGR_V4.0.0, X-CUBE-EEPRMA1_V5.1.0, X-CUBE-FREERTOS_V1.3.1, X-CUBE-GNSS1_V6.0.0, X-CUBE-MEMS1_V11.2.0, X-CUBE-NFC4_V3.0.0, X-CUBE-NFC7_V2.0.0, X-CUBE-SFXS2LP1_V4.0.0, X-CUBE-SUBG2_V5.0.0, X-CUBE-TOF1_V3.4.3]
2025-07-03 11:49:33,582 [ERROR] LogOutputStream:75 - [STDERR_REDIRECT] SLF4J: Defaulting to no-operation (NOP) logger implementation
2025-07-03 11:49:33,582 [ERROR] LogOutputStream:75 - [STDERR_REDIRECT] SLF4J: See http://www.slf4j.org/codes.html#StaticLoggerBinder for further details.
2025-07-03 11:49:36,086 [INFO] ApiDb:240 - Found 297 in-development CPN: [B-G473E-ZEST1S, B-WB1M-WPAN1, B-WL5M-SUBG1, NUCLEO-C031C6, NUCLEO-H503RB, NUCLEO-H563ZI, NUCLEO-U545RE-Q, NUCLEO-U5A5ZJ-Q, NUCLEO-WBA52CG, STEVAL-PROTEUS1, STEVAL-STWINBX1, STM320518-EVAL, STM32C0116-DK, STM32C011D6Y3TR, STM32C011D6Y6TR, STM32C011F4P3, STM32C011F4P6, STM32C011F4U3, STM32C011F4U6TR, STM32C011F6P3, STM32C011F6P6, STM32C011F6U3, STM32C011F6U6TR, STM32C011J4M3, STM32C011J4M6, STM32C011J6M3, STM32C011J6M6, STM32C0316-DK, STM32C031C4T3, STM32C031C4T6, STM32C031C4U3, STM32C031C4U6, STM32C031C6T3, STM32C031C6T6, STM32C031C6U3, STM32C031C6U6, STM32C031F4P3, STM32C031F4P6, STM32C031F6P3, STM32C031F6P6, STM32C031G4U3, STM32C031G4U6, STM32C031G6U3, STM32C031G6U6, STM32C031K4T3, STM32C031K4T6, STM32C031K4U3, STM32C031K4U6, STM32C031K6T3, STM32C031K6T6, STM32C031K6U3, STM32C031K6U6, STM32G071K8TXN, STM32G071K8UXN, STM32G081GBU6N, STM32G081KBT6N, STM32G081KBUXN, STM32G0B1CCT6N, STM32G0B1KCT6, STM32G0B1NEY6TR, STM32G0B1RCT6N, STM32G0C1CCT6, STM32G0C1CCT6N, STM32G0C1CCU6N, STM32G0C1CET6N, STM32G0C1CEU6N, STM32G0C1KCT6, STM32G0C1NEY6TR, STM32G0C1RCI6N, STM32G0C1RCT6N, STM32G0C1REI6N, STM32G0C1RET6N, STM32G0C1VCI6, STM32G0C1VEI6, STM32G471CCT6, STM32G471CCU6, STM32G471CET3, STM32G471CET6, STM32G471CEU3, STM32G471CEU6, STM32G471MCT6, STM32G471MET3, STM32G471MET6, STM32G471MEY6TR, STM32G471QCT6, STM32G471QET3, STM32G471RCT6, STM32G471RET3, STM32G471RET6, STM32G471VCH6, STM32G471VCI6, STM32G471VCT6, STM32G471VEH3, STM32G471VEH6, STM32G471VEI3, STM32G471VEI6, STM32G471VET3, STM32G471VET6, STM32G474CCT6, STM32H503CBT6, STM32H503CBU6, STM32H503EBY6TR, STM32H503KBU6, STM32H503RBT6, STM32H562AGI6, STM32H562AII6, STM32H562IGK6, STM32H562IGT6, STM32H562IIK6, STM32H562IIT6, STM32H562RGT6, STM32H562RGV6, STM32H562RIT6, STM32H562RIV6, STM32H562VGT6, STM32H562VIT6, STM32H562ZGT6, STM32H562ZIT6, STM32H563AGI6, STM32H563AII3Q, STM32H563AII6, STM32H563IGK6, STM32H563IGT6, STM32H563IIK3Q, STM32H563IIK6, STM32H563IIT3Q, STM32H563IIT6, STM32H563MIY3QTR, STM32H563RGT6, STM32H563RGV6, STM32H563RIT6, STM32H563RIV6, STM32H563VGT6, STM32H563VIT3Q, STM32H563VIT6, STM32H563ZGT6, STM32H563ZIT3Q, STM32H563ZIT6, STM32H573AII3Q, STM32H573AII6, STM32H573I-DK, STM32H573IIK3Q, STM32H573IIK6, STM32H573IIT3Q, STM32H573IIT6, STM32H573MIY3QTR, STM32H573RIT6, STM32H573RIV6, STM32H573VIT3Q, STM32H573VIT6, STM32H573ZIT3Q, STM32H573ZIT6, STM32L4R5QGI6STR, STM32MP131AAE3, STM32MP131AAF3, STM32MP131AAG3, STM32MP131CAE3, STM32MP131CAF3, STM32MP131CAG3, STM32MP131DAE7, STM32MP131DAF7, STM32MP131DAG7, STM32MP131FAE7, STM32MP131FAF7, STM32MP131FAG7, STM32MP133AAE3, STM32MP133AAF3, STM32MP133AAG3, STM32MP133CAE3, STM32MP133CAF3, STM32MP133CAG3, STM32MP133DAE7, STM32MP133DAF7, STM32MP133DAG7, STM32MP133FAE7, STM32MP133FAF7, STM32MP133FAG7, STM32MP135AAE3, STM32MP135AAF3, STM32MP135AAG3, STM32MP135CAE3, STM32MP135CAF3, STM32MP135CAG3, STM32MP135DAE7, STM32MP135DAF7, STM32MP135DAG7, STM32MP135F-DK, STM32MP135FAE7, STM32MP135FAF7, STM32MP135FAF7T, STM32MP135FAF7U, STM32MP135FAG7, STM32U535CBT6, STM32U535CBT6Q, STM32U535CBU6, STM32U535CBU6Q, STM32U535CCT6, STM32U535CCT6Q, STM32U535CCU6, STM32U535CCU6Q, STM32U535CET6, STM32U535CET6Q, STM32U535CEU6, STM32U535CEU6Q, STM32U535JEY6QTR, STM32U535NCY6QTR, STM32U535NEY6QTR, STM32U535RBI6, STM32U535RBI6Q, STM32U535RBT6, STM32U535RBT6Q, STM32U535RCI6, STM32U535RCI6Q, STM32U535RCT6, STM32U535RCT6Q, STM32U535REI6, STM32U535REI6Q, STM32U535RET6, STM32U535RET6Q, STM32U535VCI6, STM32U535VCI6Q, STM32U535VCT6, STM32U535VCT6Q, STM32U535VEI6, STM32U535VEI6Q, STM32U535VET6, STM32U535VET6Q, STM32U545CET6, STM32U545CET6Q, STM32U545CEU6, STM32U545CEU6Q, STM32U545JEY6QTR, STM32U545NEY6QTR, STM32U545REI6, STM32U545REI6Q, STM32U545RET6, STM32U545RET6Q, STM32U545VEI6, STM32U545VEI6Q, STM32U545VET6, STM32U545VET6Q, STM32U595AIH6, STM32U595AIH6Q, STM32U595AJH6, STM32U595AJH6Q, STM32U595QII6, STM32U595QII6Q, STM32U595QJI6, STM32U595QJI6Q, STM32U595RIT6, STM32U595RIT6Q, STM32U595RJT6, STM32U595RJT6Q, STM32U595VIT6, STM32U595VIT6Q, STM32U595VJT6, STM32U595VJT6Q, STM32U595ZIT6, STM32U595ZIT6Q, STM32U595ZIY6QTR, STM32U595ZJT6, STM32U595ZJT6Q, STM32U595ZJY6QTR, STM32U599BJY6QTR, STM32U599NIH6Q, STM32U599NJH6Q, STM32U599VIT6Q, STM32U599VJT6, STM32U599VJT6Q, STM32U599ZIT6Q, STM32U599ZIY6QTR, STM32U599ZJT6Q, STM32U599ZJY6QTR, STM32U5A5AJH6, STM32U5A5AJH6Q, STM32U5A5QJI6, STM32U5A5QJI6Q, STM32U5A5RJT6, STM32U5A5RJT6Q, STM32U5A5VJT6, STM32U5A5VJT6Q, STM32U5A5ZJT6, STM32U5A5ZJT6Q, STM32U5A5ZJY6QTR, STM32U5A9BJY6QTR, STM32U5A9J-DK, STM32U5A9NJH6Q, STM32U5A9VJT6Q, STM32U5A9ZJT6Q, STM32U5A9ZJY6QTR, STM32WB1MMCH6, STM32WBA52CEU6, STM32WBA52CEU6T, STM32WBA52CGU6, STM32WBA52CGU6T, STM32WL5MOCH6, STM32WL5MOCH6TR]
2025-07-03 11:49:36,086 [INFO] DbMcus:216 - Found 4635 MCUs, 4635 are supported
2025-07-03 11:49:36,090 [INFO] ApiDb:423 - Load user favorites file C:\Users\LEGION/.stm32cubeide/favorites.mcus.txt: 0 item(s)
2025-07-03 11:49:36,090 [INFO] ApiDb:427 - User favorites MCUs=[]
2025-07-03 11:49:36,090 [INFO] DbMcus:222 - Set 0 / 0 favorites MCUs
2025-07-03 11:49:36,570 [WARN] ThirdParty:833 - waiting for thirdparty lock release [change project]
2025-07-03 11:49:36,570 [INFO] ThirdParty:835 - entering critical section [change project]
2025-07-03 11:49:36,570 [INFO] ThirdParty:1030 - CMSIS Pack Vendor :STMicroelectronics X-CUBE-PM33A1 1.0.0
2025-07-03 11:49:36,570 [INFO] ThirdParty:1030 - CMSIS Pack Vendor :STMicroelectronics X-CUBE-GNSS1 6.0.0
2025-07-03 11:49:36,570 [INFO] ThirdParty:1030 - CMSIS Pack Vendor :STMicroelectronics USB_HOST 2.0.0
2025-07-03 11:49:36,570 [INFO] ThirdParty:1030 - CMSIS Pack Vendor :STMicroelectronics FP-SNS-MOTENVWB1 1.4.0
2025-07-03 11:49:36,570 [INFO] ThirdParty:1030 - CMSIS Pack Vendor :STMicroelectronics X-CUBE-AZRTOS-F4 1.1.0
2025-07-03 11:49:36,570 [INFO] ThirdParty:1030 - CMSIS Pack Vendor :STMicroelectronics LIBJPEG 8.0.0
2025-07-03 11:49:36,574 [INFO] ThirdParty:1030 - CMSIS Pack Vendor :STMicroelectronics FP-ATR-ASTRA1 2.0.2
2025-07-03 11:49:36,574 [INFO] ThirdParty:1030 - CMSIS Pack Vendor :STMicroelectronics FP-ATR-ASTRA1 2.0.1
2025-07-03 11:49:36,574 [INFO] ThirdParty:1030 - CMSIS Pack Vendor :STMicroelectronics X-CUBE-SMBUS 2.1.0
2025-07-03 11:49:36,574 [INFO] ThirdParty:1030 - CMSIS Pack Vendor :wolfSSL I-CUBE-wolfSSL 5.6.0
2025-07-03 11:49:36,574 [INFO] ThirdParty:1030 - CMSIS Pack Vendor :STMicroelectronics X-CUBE-ISPU 2.1.0
2025-07-03 11:49:36,574 [INFO] ThirdParty:1030 - CMSIS Pack Vendor :STMicroelectronics X-CUBE-FREERTOS 1.2.0
2025-07-03 11:49:36,574 [INFO] ThirdParty:1030 - CMSIS Pack Vendor :STMicroelectronics X-CUBE-TOUCHGFX 4.23.0
2025-07-03 11:49:36,574 [INFO] ThirdParty:1030 - CMSIS Pack Vendor :STMicroelectronics X-CUBE-TOUCHGFX 4.23.2
2025-07-03 11:49:36,574 [INFO] ThirdParty:1030 - CMSIS Pack Vendor :STMicroelectronics X-CUBE-AZRTOS-F7 1.1.0
2025-07-03 11:49:36,574 [INFO] ThirdParty:1030 - CMSIS Pack Vendor :STMicroelectronics X-CUBE-AZRTOS-L5 2.0.0
2025-07-03 11:49:36,574 [INFO] ThirdParty:1030 - CMSIS Pack Vendor :STMicroelectronics USB_DEVICE 2.0.0
2025-07-03 11:49:36,574 [INFO] ThirdParty:1030 - CMSIS Pack Vendor :STMicroelectronics X-CUBE-MEMS1 9.6.0
2025-07-03 11:49:36,574 [INFO] ThirdParty:1030 - CMSIS Pack Vendor :STMicroelectronics X-CUBE-NFC6 3.1.0
2025-07-03 11:49:36,574 [INFO] ThirdParty:1030 - CMSIS Pack Vendor :ITTIA_DB I-CUBE-ITTIADB 8.8.0
2025-07-03 11:49:36,574 [INFO] ThirdParty:1030 - CMSIS Pack Vendor :STMicroelectronics FP-SNS-MOTENV1 4.3.2
2025-07-03 11:49:36,574 [INFO] ThirdParty:1030 - CMSIS Pack Vendor :STMicroelectronics FP-SNS-MOTENV1 4.3.1
2025-07-03 11:49:36,574 [INFO] ThirdParty:1030 - CMSIS Pack Vendor :STMicroelectronics FP-SNS-FLIGHT1 5.0.1
2025-07-03 11:49:36,574 [INFO] ThirdParty:1030 - CMSIS Pack Vendor :STMicroelectronics X-CUBE-MEMS1 11.0.0
2025-07-03 11:49:36,574 [INFO] ThirdParty:1030 - CMSIS Pack Vendor :STMicroelectronics X-CUBE-BLE1 6.2.4
2025-07-03 11:49:36,574 [INFO] ThirdParty:1030 - CMSIS Pack Vendor :STMicroelectronics FreeRTOS 0.0.1
2025-07-03 11:49:36,574 [INFO] ThirdParty:1030 - CMSIS Pack Vendor :emotas I-CUBE-CANOPEN 1.1.3
2025-07-03 11:49:36,574 [INFO] ThirdParty:1030 - CMSIS Pack Vendor :STMicroelectronics X-CUBE-BLEMGR 2.0.0
2025-07-03 11:49:36,574 [INFO] ThirdParty:1030 - CMSIS Pack Vendor :STMicroelectronics FP-SNS-FLIGHT1 5.0.2
2025-07-03 11:49:36,574 [INFO] ThirdParty:1030 - CMSIS Pack Vendor :STMicroelectronics X-CUBE-AI 9.0.0
2025-07-03 11:49:36,574 [INFO] ThirdParty:1030 - CMSIS Pack Vendor :STMicroelectronics X-CUBE-AZRTOS-H7 3.1.0
2025-07-03 11:49:36,574 [INFO] ThirdParty:1030 - CMSIS Pack Vendor :STMicroelectronics PDM2PCM 3.3.0
2025-07-03 11:49:36,574 [INFO] ThirdParty:1030 - CMSIS Pack Vendor :STMicroelectronics X-CUBE-DISPLAY 3.0.0
2025-07-03 11:49:36,574 [INFO] ThirdParty:1030 - CMSIS Pack Vendor :STMicroelectronics X-CUBE-BLE1 7.0.0
2025-07-03 11:49:36,574 [INFO] ThirdParty:1030 - CMSIS Pack Vendor :STMicroelectronics X-CUBE-NFC10 1.0.0
2025-07-03 11:49:36,574 [INFO] ThirdParty:1030 - CMSIS Pack Vendor :STMicroelectronics X-CUBE-FREERTOS 1.3.1
2025-07-03 11:49:36,574 [INFO] ThirdParty:1030 - CMSIS Pack Vendor :STMicroelectronics HAL Drivers 0.0.0
2025-07-03 11:49:36,574 [INFO] ThirdParty:1030 - CMSIS Pack Vendor :emotas I-CUBE-CANOPEN 1.3.0
2025-07-03 11:49:36,574 [INFO] ThirdParty:1030 - CMSIS Pack Vendor :STMicroelectronics X-CUBE-NFC7 1.0.1
2025-07-03 11:49:36,574 [INFO] ThirdParty:1030 - CMSIS Pack Vendor :STMicroelectronics MBEDTLS 2.14.1
2025-07-03 11:49:36,574 [INFO] ThirdParty:1030 - CMSIS Pack Vendor :STMicroelectronics X-CUBE-NFC7 1.0.0
2025-07-03 11:49:36,574 [INFO] ThirdParty:1030 - CMSIS Pack Vendor :STMicroelectronics X-CUBE-NFC6 3.0.0
2025-07-03 11:49:36,574 [INFO] ThirdParty:1030 - CMSIS Pack Vendor :STMicroelectronics X-CUBE-EEPRMA1 4.1.0
2025-07-03 11:49:36,574 [INFO] ThirdParty:1030 - CMSIS Pack Vendor :STMicroelectronics X-CUBE-BLEMGR 3.1.0
2025-07-03 11:49:36,574 [INFO] ThirdParty:1030 - CMSIS Pack Vendor :STMicroelectronics FP-SNS-SMARTAG2 1.2.0
2025-07-03 11:49:36,574 [INFO] ThirdParty:1030 - CMSIS Pack Vendor :STMicroelectronics X-CUBE-AZRTOS-WL 2.0.0
2025-07-03 11:49:36,574 [INFO] ThirdParty:1030 - CMSIS Pack Vendor :STMicroelectronics FP-SNS-MOTENV1 5.0.0
2025-07-03 11:49:36,574 [INFO] ThirdParty:1030 - CMSIS Pack Vendor :STMicroelectronics USB_DEVICE 1.0.0
2025-07-03 11:49:36,574 [INFO] ThirdParty:1030 - CMSIS Pack Vendor :STMicroelectronics X-CUBE-AI 8.1.0
2025-07-03 11:49:36,574 [INFO] ThirdParty:1030 - CMSIS Pack Vendor :wolfSSL I-CUBE-wolfMQTT 1.19.0
2025-07-03 11:49:36,574 [INFO] ThirdParty:1030 - CMSIS Pack Vendor :STMicroelectronics X-CUBE-AZRTOS-L4 2.0.0
2025-07-03 11:49:36,574 [INFO] ThirdParty:1030 - CMSIS Pack Vendor :STMicroelectronics ThreadX 0.0.2
2025-07-03 11:49:36,574 [INFO] ThirdParty:1030 - CMSIS Pack Vendor :WES I-CUBE-Cesium 1.3.0
2025-07-03 11:49:36,574 [INFO] ThirdParty:1030 - CMSIS Pack Vendor :STMicroelectronics lwIP 2.1.2
2025-07-03 11:49:36,574 [INFO] ThirdParty:1030 - CMSIS Pack Vendor :STMicroelectronics X-CUBE-SFXS2LP1 4.0.0
2025-07-03 11:49:36,574 [INFO] ThirdParty:1030 - CMSIS Pack Vendor :STMicroelectronics X-CUBE-BLE2 3.3.0
2025-07-03 11:49:36,574 [INFO] ThirdParty:1030 - CMSIS Pack Vendor :STMicroelectronics PDM2PCM 3.2.0
2025-07-03 11:49:36,574 [INFO] ThirdParty:1030 - CMSIS Pack Vendor :STMicroelectronics X-CUBE-ISPU 1.1.0
2025-07-03 11:49:36,574 [INFO] ThirdParty:1030 - CMSIS Pack Vendor :STMicroelectronics X-CUBE-AZRTOS-H7 3.3.0
2025-07-03 11:49:36,574 [INFO] ThirdParty:1030 - CMSIS Pack Vendor :STMicroelectronics X-CUBE-NFC9 1.0.0
2025-07-03 11:49:36,574 [INFO] ThirdParty:1030 - CMSIS Pack Vendor :wolfSSL I-CUBE-wolfSSL 5.8.0
2025-07-03 11:49:36,574 [INFO] ThirdParty:1030 - CMSIS Pack Vendor :STMicroelectronics X-CUBE-BLE1 7.1.0
2025-07-03 11:49:36,574 [INFO] ThirdParty:1030 - CMSIS Pack Vendor :wolfSSL I-CUBE-wolfMQTT 1.19.2
2025-07-03 11:49:36,574 [INFO] ThirdParty:1030 - CMSIS Pack Vendor :STMicroelectronics USB_DEVICE 3.0.0
2025-07-03 11:49:36,574 [INFO] ThirdParty:1030 - CMSIS Pack Vendor :STMicroelectronics X-CUBE-TCPP 4.1.0
2025-07-03 11:49:36,574 [INFO] ThirdParty:1030 - CMSIS Pack Vendor :STMicroelectronics X-CUBE-AZRTOS-WB 2.0.0
2025-07-03 11:49:36,574 [INFO] ThirdParty:1030 - CMSIS Pack Vendor :STMicroelectronics X-CUBE-FREERTOS 1.0.1
2025-07-03 11:49:36,574 [INFO] ThirdParty:1030 - CMSIS Pack Vendor :STMicroelectronics X-CUBE-GNSS1 7.0.0
2025-07-03 11:49:36,574 [INFO] ThirdParty:1030 - CMSIS Pack Vendor :STMicroelectronics X-CUBE-GNSS1 7.0.1
2025-07-03 11:49:36,574 [INFO] ThirdParty:1030 - CMSIS Pack Vendor :STMicroelectronics X-CUBE-TOUCHGFX 4.21.4
2025-07-03 11:49:36,574 [INFO] ThirdParty:1030 - CMSIS Pack Vendor :STMicroelectronics X-CUBE-TOUCHGFX 4.25.0
2025-07-03 11:49:36,574 [INFO] ThirdParty:1030 - CMSIS Pack Vendor :STMicroelectronics X-CUBE-AI 10.1.0
2025-07-03 11:49:36,574 [INFO] ThirdParty:1030 - CMSIS Pack Vendor :STMicroelectronics X-CUBE-ALGOBUILD 1.3.0
2025-07-03 11:49:36,574 [INFO] ThirdParty:1030 - CMSIS Pack Vendor :STMicroelectronics X-CUBE-AZRTOS-L5 1.1.0
2025-07-03 11:49:36,574 [INFO] ThirdParty:1030 - CMSIS Pack Vendor :STMicroelectronics X-CUBE-MEMS1 11.2.0
2025-07-03 11:49:36,574 [INFO] ThirdParty:1030 - CMSIS Pack Vendor :STMicroelectronics X-CUBE-AZRTOS-G0 1.1.0
2025-07-03 11:49:36,574 [INFO] ThirdParty:1030 - CMSIS Pack Vendor :STMicroelectronics X-CUBE-AI 8.0.1
2025-07-03 11:49:36,574 [INFO] ThirdParty:1030 - CMSIS Pack Vendor :STMicroelectronics X-CUBE-SAFEA1 1.2.2
2025-07-03 11:49:36,574 [INFO] ThirdParty:1030 - CMSIS Pack Vendor :STMicroelectronics X-CUBE-NFC4 3.0.0
2025-07-03 11:49:36,574 [INFO] ThirdParty:1030 - CMSIS Pack Vendor :STMicroelectronics X-CUBE-SUBG2 5.0.0
2025-07-03 11:49:36,574 [INFO] ThirdParty:1030 - CMSIS Pack Vendor :STMicroelectronics X-CUBE-AZRTOS-H7RS 1.1.0
2025-07-03 11:49:36,574 [INFO] ThirdParty:1030 - CMSIS Pack Vendor :STMicroelectronics STM32_WPAN 1.0.0
2025-07-03 11:49:36,574 [INFO] ThirdParty:1030 - CMSIS Pack Vendor :STMicroelectronics lwIP 2.0.3
2025-07-03 11:49:36,574 [INFO] ThirdParty:1030 - CMSIS Pack Vendor :Cesanta I-CUBE-Mongoose 7.13.0
2025-07-03 11:49:36,574 [INFO] ThirdParty:1030 - CMSIS Pack Vendor :STMicroelectronics USB_HOST 1.0.0
2025-07-03 11:49:36,574 [INFO] ThirdParty:1030 - CMSIS Pack Vendor :STMicroelectronics X-CUBE-AZRTOS-G4 2.0.0
2025-07-03 11:49:36,574 [INFO] ThirdParty:1030 - CMSIS Pack Vendor :STMicroelectronics X-CUBE-WB05N 2.0.0
2025-07-03 11:49:36,574 [INFO] ThirdParty:1030 - CMSIS Pack Vendor :STMicroelectronics PDM2PCM 3.1.0
2025-07-03 11:49:36,574 [INFO] ThirdParty:1030 - CMSIS Pack Vendor :STMicroelectronics X-CUBE-TOF1 3.3.0
2025-07-03 11:49:36,574 [INFO] ThirdParty:1030 - CMSIS Pack Vendor :Infineon AIROC-Wi-Fi-Bluetooth-STM32 1.5.1
2025-07-03 11:49:36,574 [INFO] ThirdParty:1030 - CMSIS Pack Vendor :STMicroelectronics X-CUBE-BLEMGR 3.0.0
2025-07-03 11:49:36,574 [INFO] ThirdParty:1030 - CMSIS Pack Vendor :wolfSSL I-CUBE-wolfTPM 3.8.0
2025-07-03 11:49:36,574 [INFO] ThirdParty:1030 - CMSIS Pack Vendor :wolfSSL I-CUBE-wolfSSH 1.4.20
2025-07-03 11:49:36,574 [INFO] ThirdParty:1030 - CMSIS Pack Vendor :STMicroelectronics X-CUBE-NFC7 2.0.0
2025-07-03 11:49:36,578 [INFO] ThirdParty:1030 - CMSIS Pack Vendor :STMicroelectronics FP-SNS-MOTENVWB1 1.3.1
2025-07-03 11:49:36,578 [INFO] ThirdParty:1030 - CMSIS Pack Vendor :STMicroelectronics FP-ATR-SIGFOX1 3.2.0
2025-07-03 11:49:36,578 [INFO] ThirdParty:1030 - CMSIS Pack Vendor :STMicroelectronics X-CUBE-ISPU 2.0.0
2025-07-03 11:49:36,578 [INFO] ThirdParty:1030 - CMSIS Pack Vendor :STMicroelectronics X-CUBE-EEPRMA1 5.1.0
2025-07-03 11:49:36,578 [INFO] ThirdParty:1030 - CMSIS Pack Vendor :STMicroelectronics MBEDTLS 2.16.2
2025-07-03 11:49:36,578 [INFO] ThirdParty:1030 - CMSIS Pack Vendor :STMicroelectronics X-CUBE-ALS 1.0.2
2025-07-03 11:49:36,578 [INFO] ThirdParty:1030 - CMSIS Pack Vendor :STMicroelectronics X-CUBE-MEMS1 10.0.0
2025-07-03 11:49:36,578 [INFO] ThirdParty:1030 - CMSIS Pack Vendor :STMicroelectronics X-CUBE-FREERTOS 1.1.0
2025-07-03 11:49:36,578 [INFO] ThirdParty:1030 - CMSIS Pack Vendor :STMicroelectronics X-CUBE-TOUCHGFX 4.24.0
2025-07-03 11:49:36,578 [INFO] ThirdParty:1030 - CMSIS Pack Vendor :ITTIA_DB I-CUBE-ITTIADB 8.9.0
2025-07-03 11:49:36,578 [INFO] ThirdParty:1030 - CMSIS Pack Vendor :STMicroelectronics X-CUBE-TOUCHGFX 4.24.1
2025-07-03 11:49:36,578 [INFO] ThirdParty:1030 - CMSIS Pack Vendor :portGmbH I-Cube-SoM-uGOAL 1.1.0
2025-07-03 11:49:36,578 [INFO] ThirdParty:1030 - CMSIS Pack Vendor :STMicroelectronics X-CUBE-ALS 1.0.1
2025-07-03 11:49:36,578 [INFO] ThirdParty:1030 - CMSIS Pack Vendor :STMicroelectronics ThreadX 1.0.0
2025-07-03 11:49:36,578 [INFO] ThirdParty:1030 - CMSIS Pack Vendor :STMicroelectronics X-CUBE-AZRTOS-WB 1.1.0
2025-07-03 11:49:36,578 [INFO] ThirdParty:1030 - CMSIS Pack Vendor :SEGGER I-CUBE-embOS 1.3.1
2025-07-03 11:49:36,578 [INFO] ThirdParty:1030 - CMSIS Pack Vendor :STMicroelectronics X-CUBE-ALGOBUILD 1.4.0
2025-07-03 11:49:36,578 [INFO] ThirdParty:1030 - CMSIS Pack Vendor :STMicroelectronics X-CUBE-MEMS1 11.3.0
2025-07-03 11:49:36,578 [INFO] ThirdParty:1030 - CMSIS Pack Vendor :STMicroelectronics X-CUBE-AZRTOS-H7RS 1.0.0
2025-07-03 11:49:36,578 [INFO] ThirdParty:1030 - CMSIS Pack Vendor :STMicroelectronics FP-ATR-ASTRA1 2.0.0
2025-07-03 11:49:36,578 [INFO] ThirdParty:1030 - CMSIS Pack Vendor :STMicroelectronics X-CUBE-AI 9.1.0
2025-07-03 11:49:36,578 [INFO] ThirdParty:1030 - CMSIS Pack Vendor :STMicroelectronics X-CUBE-TOF1 3.4.0
2025-07-03 11:49:36,578 [INFO] ThirdParty:1030 - CMSIS Pack Vendor :STMicroelectronics X-CUBE-TOF1 3.4.1
2025-07-03 11:49:36,578 [INFO] ThirdParty:1030 - CMSIS Pack Vendor :STMicroelectronics X-CUBE-AZRTOS-H7 3.2.0
2025-07-03 11:49:36,578 [INFO] ThirdParty:841 - exiting critical section [change project]
2025-07-03 11:49:36,902 [INFO] PinOutPanel:1499 - setPackage(No Configuration,No Configuration)
2025-07-03 11:49:36,906 [INFO] PinOutPanel:1499 - setPackage(STM32F411CEUx,UFQFPN48)
2025-07-03 11:49:37,402 [INFO] UtilMem:75 - Before build in PCC Used Memory: 227740544 Bytes (296747008)
2025-07-03 11:49:38,203 [INFO] UtilMem:75 - After build in PCC Used Memory: 258172744 Bytes (296747008)
2025-07-03 11:49:38,331 [INFO] ApiDbMcu:507 - Load IP Config File for USB_DEVICE
2025-07-03 11:49:38,363 [INFO] IPUIPlugin:80 - create IPUIPlugin
2025-07-03 11:49:38,363 [INFO] IPUIPlugin:80 - create IPUIPlugin
2025-07-03 11:49:38,363 [INFO] IPUIPlugin:80 - create IPUIPlugin
2025-07-03 11:49:38,363 [INFO] IPUIPlugin:80 - create IPUIPlugin
2025-07-03 11:49:38,363 [INFO] IPUIPlugin:80 - create IPUIPlugin
2025-07-03 11:49:38,367 [INFO] IPUIPlugin:80 - create IPUIPlugin
2025-07-03 11:49:38,367 [INFO] IPUIPlugin:80 - create IPUIPlugin
2025-07-03 11:49:38,367 [INFO] IPUIPlugin:80 - create IPUIPlugin
2025-07-03 11:49:38,367 [INFO] IPUIPlugin:80 - create IPUIPlugin
2025-07-03 11:49:38,367 [INFO] IPUIPlugin:80 - create IPUIPlugin
2025-07-03 11:49:38,367 [INFO] IPUIPlugin:80 - create IPUIPlugin
2025-07-03 11:49:38,367 [INFO] IPUIPlugin:80 - create IPUIPlugin
2025-07-03 11:49:38,367 [INFO] IPUIPlugin:80 - create IPUIPlugin
2025-07-03 11:49:38,367 [INFO] IPUIPlugin:80 - create IPUIPlugin
2025-07-03 11:49:38,367 [INFO] IPUIPlugin:80 - create IPUIPlugin
2025-07-03 11:49:38,367 [INFO] IPUIPlugin:80 - create IPUIPlugin
2025-07-03 11:49:38,367 [INFO] IPUIPlugin:80 - create IPUIPlugin
2025-07-03 11:49:38,367 [INFO] IPUIPlugin:80 - create IPUIPlugin
2025-07-03 11:49:38,367 [INFO] IPUIPlugin:80 - create IPUIPlugin
2025-07-03 11:49:38,367 [INFO] IPUIPlugin:80 - create IPUIPlugin
2025-07-03 11:49:38,367 [INFO] IPUIPlugin:80 - create IPUIPlugin
2025-07-03 11:49:38,369 [INFO] IPUIPlugin:80 - create IPUIPlugin
2025-07-03 11:49:38,369 [INFO] IPUIPlugin:80 - create IPUIPlugin
2025-07-03 11:49:38,369 [INFO] IPUIPlugin:80 - create IPUIPlugin
2025-07-03 11:49:38,369 [INFO] IPUIPlugin:80 - create IPUIPlugin
2025-07-03 11:49:38,369 [INFO] IPUIPlugin:80 - create IPUIPlugin
2025-07-03 11:49:38,369 [INFO] IPUIPlugin:80 - create IPUIPlugin
2025-07-03 11:49:38,369 [INFO] IPUIPlugin:80 - create IPUIPlugin
2025-07-03 11:49:38,373 [INFO] IPUIPlugin:80 - create IPUIPlugin
2025-07-03 11:49:38,373 [INFO] IPUIPlugin:80 - create IPUIPlugin
2025-07-03 11:49:38,373 [INFO] IPUIPlugin:80 - create IPUIPlugin
2025-07-03 11:49:38,373 [INFO] IPUIPlugin:80 - create IPUIPlugin
2025-07-03 11:49:38,373 [INFO] IPUIPlugin:80 - create IPUIPlugin
2025-07-03 11:49:38,373 [INFO] IPUIPlugin:80 - create IPUIPlugin
2025-07-03 11:49:38,373 [INFO] IPUIPlugin:80 - create IPUIPlugin
2025-07-03 11:49:38,373 [INFO] IPUIPlugin:80 - create IPUIPlugin
2025-07-03 11:49:38,373 [INFO] IPUIPlugin:80 - create IPUIPlugin
2025-07-03 11:49:38,377 [INFO] IPUIPlugin:80 - create IPUIPlugin
2025-07-03 11:49:38,377 [INFO] IPUIPlugin:80 - create IPUIPlugin
2025-07-03 11:49:38,377 [INFO] IPUIPlugin:80 - create IPUIPlugin
2025-07-03 11:49:38,377 [INFO] IPUIPlugin:80 - create IPUIPlugin
2025-07-03 11:49:38,377 [INFO] IPUIPlugin:80 - create IPUIPlugin
2025-07-03 11:49:38,377 [INFO] IPUIPlugin:80 - create IPUIPlugin
2025-07-03 11:49:38,401 [INFO] ApiDbMcu:507 - Load IP Config File for PDM2PCM
2025-07-03 11:49:38,413 [WARN] IP:2113 - I2C_Coeff_DF not found: check if there is a RefParameter without a condition.
2025-07-03 11:49:38,413 [WARN] IP:2113 - Analog_Filter not found: check if there is a RefParameter without a condition.
2025-07-03 11:49:38,605 [INFO] CADModel:165 - CPN selected for project levelSTM32F411CEU6
2025-07-03 11:49:38,605 [INFO] CADModel:114 - Register for checkConnection events
2025-07-03 11:49:38,653 [INFO] OpenFileManager:328 - Restore cursor
2025-07-03 11:49:38,777 [WARN] IP:2113 - DEVICE_SERIAL0_CDC_FS not found: check if there is a RefParameter without a condition.
2025-07-03 11:49:38,777 [WARN] IP:2113 - DEVICE_SERIAL1_CDC_FS not found: check if there is a RefParameter without a condition.
2025-07-03 11:49:38,777 [WARN] IP:2113 - DEVICE_SERIAL2_CDC_FS not found: check if there is a RefParameter without a condition.
2025-07-03 11:49:38,781 [WARN] IP:2113 - DEVICE_SERIAL0_CDC_FS not found: check if there is a RefParameter without a condition.
2025-07-03 11:49:38,781 [WARN] IP:2113 - DEVICE_SERIAL1_CDC_FS not found: check if there is a RefParameter without a condition.
2025-07-03 11:49:38,781 [WARN] IP:2113 - DEVICE_SERIAL2_CDC_FS not found: check if there is a RefParameter without a condition.
2025-07-03 11:49:38,805 [WARN] IP:2113 - I2C_Coeff_DF not found: check if there is a RefParameter without a condition.
2025-07-03 11:49:38,805 [WARN] IP:2113 - Analog_Filter not found: check if there is a RefParameter without a condition.
2025-07-03 11:49:38,805 [WARN] IP:2113 - I2C_Coeff_DF not found: check if there is a RefParameter without a condition.
2025-07-03 11:49:38,805 [WARN] IP:2113 - Analog_Filter not found: check if there is a RefParameter without a condition.
2025-07-03 11:54:59,069 [WARN] IP:2113 - DEVICE_SERIAL0_CDC_FS not found: check if there is a RefParameter without a condition.
2025-07-03 11:54:59,069 [WARN] IP:2113 - DEVICE_SERIAL1_CDC_FS not found: check if there is a RefParameter without a condition.
2025-07-03 11:54:59,069 [WARN] IP:2113 - DEVICE_SERIAL2_CDC_FS not found: check if there is a RefParameter without a condition.
2025-07-03 11:54:59,069 [WARN] IP:2113 - DEVICE_SERIAL0_CDC_FS not found: check if there is a RefParameter without a condition.
2025-07-03 11:54:59,069 [WARN] IP:2113 - DEVICE_SERIAL1_CDC_FS not found: check if there is a RefParameter without a condition.
2025-07-03 11:54:59,069 [WARN] IP:2113 - DEVICE_SERIAL2_CDC_FS not found: check if there is a RefParameter without a condition.
2025-07-03 11:54:59,089 [WARN] IP:2113 - I2C_Coeff_DF not found: check if there is a RefParameter without a condition.
2025-07-03 11:54:59,089 [WARN] IP:2113 - Analog_Filter not found: check if there is a RefParameter without a condition.
2025-07-03 11:54:59,089 [WARN] IP:2113 - I2C_Coeff_DF not found: check if there is a RefParameter without a condition.
2025-07-03 11:54:59,089 [WARN] IP:2113 - Analog_Filter not found: check if there is a RefParameter without a condition.
