18:12:52 **** Incremental Build of configuration Debug for project Battery_Monitor_Firmware ****
make -j16 all 
arm-none-eabi-gcc "../Core/Src/main.c" -mcpu=cortex-m4 -std=gnu11 -g3 -DDEBUG -DARM_MATH_CM4 -DUSE_HAL_DRIVER -DSTM32F411xE -c -I../Core/Inc -I../USB_DEVICE/App -I../USB_DEVICE/Target -I../Drivers/STM32F4xx_HAL_Driver/Inc -I../Drivers/STM32F4xx_HAL_Driver/Inc/Legacy -I../Middlewares/ST/STM32_USB_Device_Library/Core/Inc -I../Middlewares/ST/STM32_USB_Device_Library/Class/CDC/Inc -I../Drivers/CMSIS/Device/ST/STM32F4xx/Include -I../Drivers/CMSIS/Include -O0 -ffunction-sections -fdata-sections -Wall -fstack-usage -fcyclomatic-complexity -MMD -MP -MF"Core/Src/main.d" -MT"Core/Src/main.o" --specs=nano.specs -mfpu=fpv4-sp-d16 -mfloat-abi=hard -mthumb -o "Core/Src/main.o"
arm-none-eabi-g++ -o "Battery_Monitor_Firmware.elf" @"objects.list"  -larm_cortexM4lf_math -mcpu=cortex-m4 -T"C:\Users\LEGION\Documents\College\Skripsi\EKF-SOC-Hardware\Firmware\Battery_Monitor_Firmware\STM32F411CEUX_FLASH.ld" --specs=nosys.specs -Wl,-Map="Battery_Monitor_Firmware.map" -Wl,--gc-sections -static -L"C:\Users\LEGION\Documents\College\Skripsi\EKF-SOC-Hardware\Firmware\Battery_Monitor_Firmware\Drivers\CMSIS\DSP\Lib" -L"C:\Users\LEGION\Documents\College\Skripsi\EKF-SOC-Hardware\Firmware\Battery_Monitor_Firmware\Drivers\CMSIS\DSP\Lib\GCC" -u _printf_float --specs=nano.specs -mfpu=fpv4-sp-d16 -mfloat-abi=hard -mthumb -Wl,--start-group -lc -lm -lstdc++ -lsupc++ -Wl,--end-group
Finished building target: Battery_Monitor_Firmware.elf
 
arm-none-eabi-size   Battery_Monitor_Firmware.elf 
arm-none-eabi-objdump -h -S  Battery_Monitor_Firmware.elf  > "Battery_Monitor_Firmware.list"
   text	   data	    bss	    dec	    hex	filename
  54924	    728	   8936	  64588	   fc4c	Battery_Monitor_Firmware.elf
Finished building: default.size.stdout
 
Finished building: Battery_Monitor_Firmware.list
 
18:13:24 **** Incremental Build of configuration Debug for project Battery_Monitor_Firmware ****
make -j16 all 
arm-none-eabi-size   Battery_Monitor_Firmware.elf 
   text	   data	    bss	    dec	    hex	filename
  54924	    728	   8936	  64588	   fc4c	Battery_Monitor_Firmware.elf
Finished building: default.size.stdout
 
